Archive member included to satisfy reference by file (symbol)

/home/share/esp32/project/ESP32_CH374U/build/cxx/libcxx.a(cxx_guards.o)
                              (__cxa_guard_dummy)
/home/share/esp32/project/ESP32_CH374U/build/cxx/libcxx.a(cxx_exception_stubs.o)
                              (__cxx_fatal_exception)
/home/share/esp32/project/ESP32_CH374U/build/esp32/libesp32.a(panic.o)
                              /home/share/esp32/project/ESP32_CH374U/build/cxx/libcxx.a(cxx_guards.o) (abort)
/home/share/esp32/project/ESP32_CH374U/build/esp32/libesp32.a(system_api.o)
                              /home/share/esp32/project/ESP32_CH374U/build/esp32/libesp32.a(panic.o) (esp_restart_noos)
/home/share/esp32/project/ESP32_CH374U/build/esp32/libesp32.a(cpu_start.o)
                              (call_start_cpu0)
/home/share/esp32/project/ESP32_CH374U/build/esp32/libesp32.a(clk.o)
                              /home/share/esp32/project/ESP32_CH374U/build/esp32/libesp32.a(cpu_start.o) (esp_clk_init)
/home/share/esp32/project/ESP32_CH374U/build/esp32/libesp32.a(crosscore_int.o)
                              /home/share/esp32/project/ESP32_CH374U/build/esp32/libesp32.a(cpu_start.o) (esp_crosscore_int_init)
/home/share/esp32/project/ESP32_CH374U/build/esp32/libesp32.a(cache_err_int.o)
                              /home/share/esp32/project/ESP32_CH374U/build/esp32/libesp32.a(cpu_start.o) (esp_cache_err_int_init)
/home/share/esp32/project/ESP32_CH374U/build/esp32/libesp32.a(intr_alloc.o)
                              /home/share/esp32/project/ESP32_CH374U/build/esp32/libesp32.a(crosscore_int.o) (esp_intr_alloc)
/home/share/esp32/project/ESP32_CH374U/build/esp32/libesp32.a(esp_err_to_name.o)
                              /home/share/esp32/project/ESP32_CH374U/build/esp32/libesp32.a(panic.o) (esp_err_to_name)
/home/share/esp32/project/ESP32_CH374U/build/esp32/libesp32.a(esp_timer.o)
                              /home/share/esp32/project/ESP32_CH374U/build/esp32/libesp32.a(cpu_start.o) (esp_timer_init)
/home/share/esp32/project/ESP32_CH374U/build/esp32/libesp32.a(dport_access.o)
                              /home/share/esp32/project/ESP32_CH374U/build/esp32/libesp32.a(system_api.o) (esp_dport_access_stall_other_cpu_start)
/home/share/esp32/project/ESP32_CH374U/build/esp32/libesp32.a(brownout.o)
                              /home/share/esp32/project/ESP32_CH374U/build/esp32/libesp32.a(cpu_start.o) (esp_brownout_init)
/home/share/esp32/project/ESP32_CH374U/build/esp32/libesp32.a(dport_panic_highint_hdl.o)
                              (ld_include_panic_highint_hdl)
/home/share/esp32/project/ESP32_CH374U/build/esp32/libesp32.a(task_wdt.o)
                              /home/share/esp32/project/ESP32_CH374U/build/esp32/libesp32.a(cpu_start.o) (esp_task_wdt_init)
/home/share/esp32/project/ESP32_CH374U/build/esp32/libesp32.a(dbg_stubs.o)
                              /home/share/esp32/project/ESP32_CH374U/build/esp32/libesp32.a(cpu_start.o) (esp_dbg_stubs_init)
/home/share/esp32/project/ESP32_CH374U/build/esp32/libesp32.a(int_wdt.o)
                              /home/share/esp32/project/ESP32_CH374U/build/esp32/libesp32.a(dport_panic_highint_hdl.o) (int_wdt_app_cpu_ticked)
/home/share/esp32/project/ESP32_CH374U/build/esp32/libesp32.a(esp_timer_esp32.o)
                              /home/share/esp32/project/ESP32_CH374U/build/esp32/libesp32.a(esp_timer.o) (esp_timer_impl_get_time)
/home/share/esp32/project/ESP32_CH374U/build/esp32/libesp32.a(freertos_hooks.o)
                              /home/share/esp32/project/ESP32_CH374U/build/esp32/libesp32.a(task_wdt.o) (esp_register_freertos_idle_hook_for_cpu)
/home/share/esp32/project/ESP32_CH374U/build/esp32/libesp32.a(ipc.o)
                              /home/share/esp32/project/ESP32_CH374U/build/esp32/libesp32.a(intr_alloc.o) (esp_ipc_call_blocking)
/home/share/esp32/project/ESP32_CH374U/build/esp32/libesp32.a(pm_esp32.o)
                              /home/share/esp32/project/ESP32_CH374U/build/esp32/libesp32.a(freertos_hooks.o) (esp_pm_impl_waiti)
/home/share/esp32/project/ESP32_CH374U/build/esp32/libesp32.a(pm_locks.o)
                              /home/share/esp32/project/ESP32_CH374U/build/esp32/libesp32.a(pm_esp32.o) (esp_pm_lock_create)
/home/share/esp32/esp-idf/components/esp32/libhal.a(int_asm--set_intclear.o)
                              /home/share/esp32/project/ESP32_CH374U/build/esp32/libesp32.a(intr_alloc.o) (xthal_set_intclear)
/home/share/esp32/project/ESP32_CH374U/build/freertos/libfreertos.a(xtensa_intr.o)
                              /home/share/esp32/project/ESP32_CH374U/build/esp32/libesp32.a(intr_alloc.o) (xt_unhandled_interrupt)
/home/share/esp32/project/ESP32_CH374U/build/freertos/libfreertos.a(queue.o)
                              /home/share/esp32/project/ESP32_CH374U/build/esp32/libesp32.a(ipc.o) (xQueueGenericCreate)
/home/share/esp32/project/ESP32_CH374U/build/freertos/libfreertos.a(list.o)
[...]
Memory Configuration

Name             Origin             Length             Attributes
iram0_0_seg      0x0000000040080000 0x0000000000020000 xr
iram0_2_seg      0x00000000400d0018 0x000000000032ffe8 xr
dram0_0_seg      0x000000003ffb0000 0x000000000002c200 rw
drom0_0_seg      0x000000003f400018 0x00000000003fffe8 r
rtc_iram_seg     0x00000000400c0000 0x0000000000002000 xrw
rtc_data_seg     0x000000003ff80000 0x0000000000002000 rw
rtc_slow_seg     0x0000000050000000 0x0000000000001000 rw
extern_ram_seg   0x000000003f800000 0x0000000000400000 xrw
*default*        0x0000000000000000 0xffffffffffffffff

Linker script and memory map

START GROUP
LOAD /home/share/esp32/project/ESP32_CH374U/build/app_trace/libapp_trace.a
LOAD /home/share/esp32/project/ESP32_CH374U/build/app_update/libapp_update.a
LOAD /home/share/esp32/project/ESP32_CH374U/build/asio/libasio.a
LOAD /home/share/esp32/project/ESP32_CH374U/build/bootloader_support/libbootloader_support.a
LOAD /home/share/esp32/project/ESP32_CH374U/build/bt/libbt.a
LOAD /home/share/esp32/project/ESP32_CH374U/build/coap/libcoap.a
LOAD /home/share/esp32/project/ESP32_CH374U/build/components/libcomponents.a
LOAD /home/share/esp32/project/ESP32_CH374U/build/console/libconsole.a
LOAD /home/share/esp32/project/ESP32_CH374U/build/cxx/libcxx.a
LOAD /home/share/esp32/project/ESP32_CH374U/build/driver/libdriver.a
LOAD /home/share/esp32/project/ESP32_CH374U/build/esp-tls/libesp-tls.a
LOAD /home/share/esp32/project/ESP32_CH374U/build/esp32/libesp32.a
LOAD /home/share/esp32/esp-idf/components/esp32/libhal.a
LOAD /home/share/esp32/esp-idf/components/esp32/lib/libcore.a
LOAD /home/share/esp32/esp-idf/components/esp32/lib/librtc.a
LOAD /home/share/esp32/esp-idf/components/esp32/lib/libnet80211.a
LOAD /home/share/esp32/esp-idf/components/esp32/lib/libpp.a
LOAD /home/share/esp32/esp-idf/components/esp32/lib/libwpa.a
LOAD /home/share/esp32/esp-idf/components/esp32/lib/libsmartconfig.a
LOAD /home/share/esp32/esp-idf/components/esp32/lib/libcoexist.a
LOAD /home/share/esp32/esp-idf/components/esp32/lib/libwps.a
LOAD /home/share/esp32/esp-idf/components/esp32/lib/libwpa2.a
LOAD /home/share/esp32/esp-idf/components/esp32/lib/libespnow.a
LOAD /home/share/esp32/esp-idf/components/esp32/lib/libphy.a
LOAD /home/share/esp32/esp-idf/components/esp32/lib/libmesh.a
LOAD /home/share/esp32/project/ESP32_CH374U/build/esp_adc_cal/libesp_adc_cal.a
LOAD /home/share/esp32/project/ESP32_CH374U/build/esp_event/libesp_event.a
LOAD /home/share/esp32/project/ESP32_CH374U/build/esp_http_client/libesp_http_client.a
LOAD /home/share/esp32/project/ESP32_CH374U/build/esp_http_server/libesp_http_server.a
LOAD /home/share/esp32/project/ESP32_CH374U/build/esp_https_ota/libesp_https_ota.a
LOAD /home/share/esp32/project/ESP32_CH374U/build/esp_ringbuf/libesp_ringbuf.a
LOAD /home/share/esp32/project/ESP32_CH374U/build/ethernet/libethernet.a
LOAD /home/share/esp32/project/ESP32_CH374U/build/expat/libexpat.a
LOAD /home/share/esp32/project/ESP32_CH374U/build/fatfs/libfatfs.a
LOAD /home/share/esp32/project/ESP32_CH374U/build/freemodbus/libfreemodbus.a
LOAD /home/share/esp32/project/ESP32_CH374U/build/freertos/libfreertos.a
LOAD /home/share/esp32/project/ESP32_CH374U/build/heap/libheap.a
LOAD /home/share/esp32/project/ESP32_CH374U/build/idf_test/libidf_test.a
LOAD /home/share/esp32/project/ESP32_CH374U/build/jsmn/libjsmn.a
LOAD /home/share/esp32/project/ESP32_CH374U/build/json/libjson.a
LOAD /home/share/esp32/project/ESP32_CH374U/build/libsodium/liblibsodium.a
LOAD /home/share/esp32/project/ESP32_CH374U/build/log/liblog.a
LOAD /home/share/esp32/project/ESP32_CH374U/build/lwip/liblwip.a
LOAD /home/share/esp32/project/ESP32_CH374U/build/main/libmain.a
LOAD /home/share/esp32/project/ESP32_CH374U/build/mbedtls/libmbedtls.a
LOAD /home/share/esp32/project/ESP32_CH374U/build/mdns/libmdns.a
LOAD /home/share/esp32/project/ESP32_CH374U/build/micro-ecc/libmicro-ecc.a
LOAD /home/share/esp32/project/ESP32_CH374U/build/mqtt/libmqtt.a
LOAD /home/share/esp32/esp-idf/components/newlib/lib/libc.a
LOAD /home/share/esp32/esp-idf/components/newlib/lib/libm.a
LOAD /home/share/esp32/project/ESP32_CH374U/build/newlib/libnewlib.a
LOAD /home/share/esp32/project/ESP32_CH374U/build/nghttp/libnghttp.a
LOAD /home/share/esp32/project/ESP32_CH374U/build/nvs_flash/libnvs_flash.a
LOAD /home/share/esp32/project/ESP32_CH374U/build/openssl/libopenssl.a
LOAD /home/share/esp32/project/ESP32_CH374U/build/protobuf-c/libprotobuf-c.a
LOAD /home/share/esp32/project/ESP32_CH374U/build/protocomm/libprotocomm.a
LOAD /home/share/esp32/project/ESP32_CH374U/build/pthread/libpthread.a
LOAD /home/share/esp32/project/ESP32_CH374U/build/sdmmc/libsdmmc.a
LOAD /home/share/esp32/project/ESP32_CH374U/build/smartconfig_ack/libsmartconfig_ack.a
LOAD /home/share/esp32/project/ESP32_CH374U/build/soc/libsoc.a
LOAD /home/share/esp32/project/ESP32_CH374U/build/spi_flash/libspi_flash.a
LOAD /home/share/esp32/project/ESP32_CH374U/build/spiffs/libspiffs.a
LOAD /home/share/esp32/project/ESP32_CH374U/build/tcp_transport/libtcp_transport.a
LOAD /home/share/esp32/project/ESP32_CH374U/build/tcpip_adapter/libtcpip_adapter.a
LOAD /home/share/esp32/project/ESP32_CH374U/build/ulp/libulp.a
LOAD /home/share/esp32/project/ESP32_CH374U/build/vfs/libvfs.a
LOAD /home/share/esp32/project/ESP32_CH374U/build/wear_levelling/libwear_levelling.a
LOAD /home/share/esp32/project/ESP32_CH374U/build/wifi_provisioning/libwifi_provisioning.a
LOAD /home/share/esp32/project/ESP32_CH374U/build/wpa_supplicant/libwpa_supplicant.a
LOAD /home/share/esp32/project/ESP32_CH374U/build/xtensa-debug-module/libxtensa-debug-module.a
LOAD /home/share/esp32/xtensa-esp32-elf/bin/../lib/gcc/xtensa-esp32-elf/5.2.0/libgcc.a
LOAD /home/share/esp32/xtensa-esp32-elf/bin/../lib/gcc/xtensa-esp32-elf/5.2.0/../../../../xtensa-esp32-elf/lib/libstdc++.a
LOAD /home/share/esp32/xtensa-esp32-elf/bin/../lib/gcc/xtensa-esp32-elf/5.2.0/libgcov.a
END GROUP
                0x0000000040000000                _heap_end = 0x40000000
                0x000000003ff80000                _data_seg_org = ORIGIN (rtc_data_seg)

.rtc.text       0x00000000400c0000        0x0
                0x00000000400c0000                . = ALIGN (0x4)
 *(.rtc.literal .rtc.text)
 *rtc_wake_stub*.*(.literal .text .literal.* .text.*)
                0x00000000400c0000                _rtc_text_end = ABSOLUTE (.)

.rtc.dummy      0x000000003ff80000        0x0
                0x000000003ff80000                _rtc_dummy_start = ABSOLUTE (.)
                0x000000003ff80000                _rtc_fast_start = ABSOLUTE (.)
                0x0000000000000000                . = SIZEOF (.rtc.text)
                0x0000000000000000                _rtc_dummy_end = ABSOLUTE (.)

.rtc.force_fast
                0x000000003ff80000        0x0
                0x000000003ff80000                . = ALIGN (0x4)
                0x000000003ff80000                _rtc_force_fast_start = ABSOLUTE (.)
 *(.rtc.force_fast .rtc.force_fast.*)
                0x000000003ff80000                . = ALIGN (0x4)
                0x000000003ff80000                _rtc_force_fast_end = ABSOLUTE (.)

.rtc.data       0x0000000050000000        0x0
                0x0000000050000000                _rtc_data_start = ABSOLUTE (.)
 *(.rtc.data)
 *(.rtc.rodata)
 *rtc_wake_stub*.*(.data .rodata .data.* .rodata.* .bss .bss.*)
                0x0000000050000000                _rtc_data_end = ABSOLUTE (.)

.rtc.bss        0x0000000050000000        0x0
                0x0000000050000000                _rtc_bss_start = ABSOLUTE (.)
 *rtc_wake_stub*.*(.bss .bss.*)
 *rtc_wake_stub*.*(COMMON)
 *(.rtc.bss)
                0x0000000050000000                _rtc_bss_end = ABSOLUTE (.)

.rtc_noinit     0x0000000050000000        0x0
                0x0000000050000000                . = ALIGN (0x4)
                0x0000000050000000                _rtc_noinit_start = ABSOLUTE (.)
 *(.rtc_noinit .rtc_noinit.*)
                0x0000000050000000                . = ALIGN (0x4)
                0x0000000050000000                _rtc_noinit_end = ABSOLUTE (.)

.rtc.force_slow
                0x0000000050000000        0x0
                0x0000000050000000                . = ALIGN (0x4)
                0x0000000050000000                _rtc_force_slow_start = ABSOLUTE (.)
 *(.rtc.force_slow .rtc.force_slow.*)
                0x0000000050000000                . = ALIGN (0x4)
                0x0000000050000000                _rtc_force_slow_end = ABSOLUTE (.)
                0x0000000000000000                _rtc_slow_length = (ORIGIN (rtc_slow_seg) == ORIGIN (rtc_data_location))?(_rtc_force_slow_end - _rtc_data_start):(_rtc_force_slow_end - _rtc_force_slow_start)
                0x0000000000000000                _rtc_fast_length = (ORIGIN (rtc_slow_seg) == ORIGIN (rtc_data_location))?(_rtc_force_fast_end - _rtc_fast_start):(_rtc_noinit_end - _rtc_fast_start)
                0x0000000000000001                ASSERT ((_rtc_slow_length <= 0x1000), RTC_SLOW segment data does not fit.)
                0x0000000000000001                ASSERT ((_rtc_fast_length <= 0x2000), RTC_FAST segment data does not fit.)

.iram0.vectors  0x0000000040080000      0x400
                0x0000000040080000                _iram_start = ABSOLUTE (.)
                0x0000000040080000                _init_start = ABSOLUTE (.)
                0x0000000000000000                . = 0x0
 *(.WindowVectors.text)
 .WindowVectors.text
                0x0000000040080000      0x16a /home/share/esp32/project/ESP32_CH374U/build/freertos/libfreertos.a(xtensa_vectors.o)
                0x0000000040080000                _WindowOverflow4
                0x0000000040080040                _WindowUnderflow4
                0x0000000040080050                _xt_alloca_exc
                0x0000000040080080                _WindowOverflow8
                0x00000000400800c0                _WindowUnderflow8
                0x0000000040080100                _WindowOverflow12
                0x0000000040080140                _WindowUnderflow12
                0x0000000000000180                . = 0x180
 *fill*         0x000000004008016a       0x16 
 *(.Level2InterruptVector.text)
 .Level2InterruptVector.text
                0x0000000040080180        0x6 /home/share/esp32/project/ESP32_CH374U/build/freertos/libfreertos.a(xtensa_vectors.o)
                0x0000000040080180                _Level2Vector
                0x00000000000001c0                . = 0x1c0
 *fill*         0x0000000040080186       0x3a 
 *(.Level3InterruptVector.text)
 .Level3InterruptVector.text
                0x00000000400801c0        0x6 /home/share/esp32/project/ESP32_CH374U/build/freertos/libfreertos.a(xtensa_vectors.o)
                0x00000000400801c0                _Level3Vector
                0x0000000000000200                . = 0x200
 *fill*         0x00000000400801c6       0x3a 
 *(.Level4InterruptVector.text)
 .Level4InterruptVector.text
                0x0000000040080200        0x6 /home/share/esp32/project/ESP32_CH374U/build/freertos/libfreertos.a(xtensa_vectors.o)
                0x0000000040080200                _Level4Vector
                0x0000000000000240                . = 0x240
 *fill*         0x0000000040080206       0x3a 
 *(.Level5InterruptVector.text)
 .Level5InterruptVector.text
                0x0000000040080240        0x6 /home/share/esp32/project/ESP32_CH374U/build/freertos/libfreertos.a(xtensa_vectors.o)
                0x0000000040080240                _Level5Vector
                0x0000000000000280                . = 0x280
 *fill*         0x0000000040080246       0x3a 
 *(.DebugExceptionVector.text)
 .DebugExceptionVector.text
                0x0000000040080280        0x6 /home/share/esp32/project/ESP32_CH374U/build/freertos/libfreertos.a(xtensa_vectors.o)
                0x0000000040080280                _DebugExceptionVector
                0x00000000000002c0                . = 0x2c0
 *fill*         0x0000000040080286       0x3a 
 *(.NMIExceptionVector.text)
 .NMIExceptionVector.text
                0x00000000400802c0        0x6 /home/share/esp32/project/ESP32_CH374U/build/freertos/libfreertos.a(xtensa_vectors.o)
                0x00000000400802c0                _NMIExceptionVector
                0x0000000000000300                . = 0x300
 *fill*         0x00000000400802c6       0x3a 
 *(.KernelExceptionVector.text)
 .KernelExceptionVector.text
                0x0000000040080300        0x6 /home/share/esp32/project/ESP32_CH374U/build/freertos/libfreertos.a(xtensa_vectors.o)
                0x0000000040080300                _KernelExceptionVector
                0x0000000000000340                . = 0x340
 *fill*         0x0000000040080306       0x3a 
 *(.UserExceptionVector.text)
 .UserExceptionVector.text
                0x0000000040080340        0x6 /home/share/esp32/project/ESP32_CH374U/build/freertos/libfreertos.a(xtensa_vectors.o)
                0x0000000040080340                _UserExceptionVector
                0x00000000000003c0                . = 0x3c0
 *fill*         0x0000000040080346       0x7a 
 *(.DoubleExceptionVector.text)
 .DoubleExceptionVector.text
                0x00000000400803c0        0xf /home/share/esp32/project/ESP32_CH374U/build/freertos/libfreertos.a(xtensa_vectors.o)
                0x00000000400803c0                _DoubleExceptionVector
                0x0000000000000400                . = 0x400
 *fill*         0x00000000400803cf       0x31 
 *(.*Vector.literal)
 *(.UserEnter.literal)
 *(.UserEnter.text)
                0x0000000040080400                . = ALIGN (0x10)
 *(.entry.text)
 *(.init.literal)
 *(.init)
                0x0000000040080400                _init_end = ABSOLUTE (.)

.iram0.text     0x0000000040080400     0x8450
                0x0000000040080400                _iram_text_start = ABSOLUTE (.)
 *(.iram1 .iram1.*)
 .iram1.literal
                0x0000000040080400       0x4c /home/share/esp32/project/ESP32_CH374U/build/esp32/libesp32.a(system_api.o)
                                         0xb8 (size before relaxing)
 .iram1.literal
                0x000000004008044c       0x7c /home/share/esp32/project/ESP32_CH374U/build/esp32/libesp32.a(cpu_start.o)
                                        0x154 (size before relaxing)
 .iram1.literal
                0x00000000400804c8        0xc /home/share/esp32/project/ESP32_CH374U/build/esp32/libesp32.a(clk.o)
                                         0x20 (size before relaxing)
 .iram1.literal
                0x00000000400804d4       0x10 /home/share/esp32/project/ESP32_CH374U/build/esp32/libesp32.a(crosscore_int.o)
                                         0x30 (size before relaxing)
 .iram1.literal
                0x00000000400804e4        0xc /home/share/esp32/project/ESP32_CH374U/build/esp32/libesp32.a(cache_err_int.o)
                                         0x18 (size before relaxing)
 .iram1.literal
                0x00000000400804f0       0x14 /home/share/esp32/project/ESP32_CH374U/build/esp32/libesp32.a(intr_alloc.o)
                                         0x6c (size before relaxing)
 .iram1.literal
                0x0000000040080504       0x18 /home/share/esp32/project/ESP32_CH374U/build/esp32/libesp32.a(esp_timer.o)
                                         0x50 (size before relaxing)
 .iram1.literal
                0x000000004008051c       0x2c /home/share/esp32/project/ESP32_CH374U/build/esp32/libesp32.a(dport_access.o)
                                         0x78 (size before relaxing)
 .iram1.literal
                0x0000000040080548       0x14 /home/share/esp32/project/ESP32_CH374U/build/esp32/libesp32.a(dport_panic_highint_hdl.o)
                                         0x28 (size before relaxing)
 .iram1.literal
                0x000000004008055c        0x0 /home/share/esp32/project/ESP32_CH374U/build/esp32/libesp32.a(int_wdt.o)
                                          0xc (size before relaxing)
 .iram1.literal
                0x000000004008055c       0x4c /home/share/esp32/project/ESP32_CH374U/build/esp32/libesp32.a(esp_timer_esp32.o)
                                         0xd8 (size before relaxing)
 .iram1.literal
                0x00000000400805a8        0x4 /home/share/esp32/project/ESP32_CH374U/build/esp32/libesp32.a(freertos_hooks.o)
 .iram1.literal
                0x00000000400805ac       0x14 /home/share/esp32/project/ESP32_CH374U/build/esp32/libesp32.a(ipc.o)
                                         0x24 (size before relaxing)
 .iram1.literal
                0x00000000400805c0        0x4 /home/share/esp32/project/ESP32_CH374U/build/freertos/libfreertos.a(port.o)
 .iram1.literal
                0x00000000400805c4       0x44 /home/share/esp32/project/ESP32_CH374U/build/freertos/libfreertos.a(xtensa_vectors.o)
                                         0x68 (size before relaxing)
 .iram1.literal
                0x0000000040080608       0x28 /home/share/esp32/project/ESP32_CH374U/build/heap/libheap.a(heap_caps.o)
                                         0x58 (size before relaxing)
 .iram1.literal
                0x0000000040080630        0x4 /home/share/esp32/project/ESP32_CH374U/build/newlib/libnewlib.a(time.o)
                                         0x1c (size before relaxing)
 .iram1.literal
                0x0000000040080634        0x8 /home/share/esp32/project/ESP32_CH374U/build/newlib/libnewlib.a(reent_init.o)
                                         0x10 (size before relaxing)
 .iram1.literal
                0x000000004008063c        0x4 /home/share/esp32/project/ESP32_CH374U/build/newlib/libnewlib.a(syscalls.o)
                                         0x14 (size before relaxing)
 .iram1.literal
                0x0000000040080640       0x18 /home/share/esp32/project/ESP32_CH374U/build/newlib/libnewlib.a(locks.o)
                                         0x90 (size before relaxing)
 .iram1.literal
                0x0000000040080658       0x1c /home/share/esp32/project/ESP32_CH374U/build/soc/libsoc.a(cpu_util.o)
                                         0x30 (size before relaxing)
 .iram1.literal
                0x0000000040080674       0x28 /home/share/esp32/project/ESP32_CH374U/build/spi_flash/libspi_flash.a(cache_utils.o)
                                         0xd4 (size before relaxing)
 .iram1.literal
                0x000000004008069c       0x38 /home/share/esp32/project/ESP32_CH374U/build/spi_flash/libspi_flash.a(flash_ops.o)
                                         0xe4 (size before relaxing)
 .iram1.literal
                0x00000000400806d4       0x38 /home/share/esp32/project/ESP32_CH374U/build/spi_flash/libspi_flash.a(flash_mmap.o)
                                        0x148 (size before relaxing)
 .literal.prvGetFreeSize
                0x000000004008070c        0xc /home/share/esp32/project/ESP32_CH374U/build/esp_ringbuf/libesp_ringbuf.a(ringbuf.o)
                                         0x14 (size before relaxing)
 .literal.prvReceiveGeneric
                0x0000000040080718        0x4 /home/share/esp32/project/ESP32_CH374U/build/esp_ringbuf/libesp_ringbuf.a(ringbuf.o)
                                         0x3c (size before relaxing)
 .literal.xRingbufferSend
                0x000000004008071c        0x4 /home/share/esp32/project/ESP32_CH374U/build/esp_ringbuf/libesp_ringbuf.a(ringbuf.o)
                                         0x40 (size before relaxing)
 .literal.xRingbufferReceive
                0x0000000040080720        0x4 /home/share/esp32/project/ESP32_CH374U/build/esp_ringbuf/libesp_ringbuf.a(ringbuf.o)
                                         0x18 (size before relaxing)
 .literal.vRingbufferReturnItem
                0x0000000040080724        0x4 /home/share/esp32/project/ESP32_CH374U/build/esp_ringbuf/libesp_ringbuf.a(ringbuf.o)
                                         0x28 (size before relaxing)
 .literal.xt_unhandled_interrupt
                0x0000000040080728        0x4 /home/share/esp32/project/ESP32_CH374U/build/freertos/libfreertos.a(xtensa_intr.o)
                                          0x8 (size before relaxing)
 .literal.xt_set_interrupt_handler
                0x000000004008072c        0x8 /home/share/esp32/project/ESP32_CH374U/build/freertos/libfreertos.a(xtensa_intr.o)
                                          0xc (size before relaxing)
 .literal.prvIsQueueFull
                0x0000000040080734        0x0 /home/share/esp32/project/ESP32_CH374U/build/freertos/libfreertos.a(queue.o)
                                          0x8 (size before relaxing)
 .literal.prvCopyDataToQueue
                0x0000000040080734        0x0 /home/share/esp32/project/ESP32_CH374U/build/freertos/libfreertos.a(queue.o)
                                          0xc (size before relaxing)
 .literal.prvNotifyQueueSetContainer
                0x0000000040080734       0x14 /home/share/esp32/project/ESP32_CH374U/build/freertos/libfreertos.a(queue.o)
                                         0x34 (size before relaxing)
 .literal.prvCopyDataFromQueue
                0x0000000040080748        0x0 /home/share/esp32/project/ESP32_CH374U/build/freertos/libfreertos.a(queue.o)
                                          0x4 (size before relaxing)
 .literal.xQueueGenericReset
                0x0000000040080748        0x4 /home/share/esp32/project/ESP32_CH374U/build/freertos/libfreertos.a(queue.o)
                                         0x30 (size before relaxing)
 .literal.prvInitialiseNewQueue
                0x000000004008074c        0x0 /home/share/esp32/project/ESP32_CH374U/build/freertos/libfreertos.a(queue.o)
                                          0x4 (size before relaxing)
 .literal.xQueueGenericCreate
                0x000000004008074c        0x4 /home/share/esp32/project/ESP32_CH374U/build/freertos/libfreertos.a(queue.o)
                                         0x1c (size before relaxing)
 .literal.xQueueGetMutexHolder
                0x0000000040080750        0x0 /home/share/esp32/project/ESP32_CH374U/build/freertos/libfreertos.a(queue.o)
                                          0x8 (size before relaxing)
 .literal.xQueueCreateCountingSemaphore
                0x0000000040080750        0x4 /home/share/esp32/project/ESP32_CH374U/build/freertos/libfreertos.a(queue.o)
                                         0x28 (size before relaxing)
 .literal.xQueueGenericSend
                0x0000000040080754        0x4 /home/share/esp32/project/ESP32_CH374U/build/freertos/libfreertos.a(queue.o)
                                         0x7c (size before relaxing)
 .literal.prvInitialiseMutex
                0x0000000040080758        0x0 /home/share/esp32/project/ESP32_CH374U/build/freertos/libfreertos.a(queue.o)
                                          0x8 (size before relaxing)
 .literal.xQueueCreateMutex
                0x0000000040080758        0x0 /home/share/esp32/project/ESP32_CH374U/build/freertos/libfreertos.a(queue.o)
                                          0x8 (size before relaxing)
 .literal.xQueueGiveMutexRecursive
                0x0000000040080758        0x4 /home/share/esp32/project/ESP32_CH374U/build/freertos/libfreertos.a(queue.o)
                                         0x1c (size before relaxing)
 .literal.xQueueGenericSendFromISR
                0x000000004008075c        0x4 /home/share/esp32/project/ESP32_CH374U/build/freertos/libfreertos.a(queue.o)
                                         0x3c (size before relaxing)
 .literal.xQueueGiveFromISR
                0x0000000040080760        0x4 /home/share/esp32/project/ESP32_CH374U/build/freertos/libfreertos.a(queue.o)
                                         0x30 (size before relaxing)
 .literal.xQueueGenericReceive
                0x0000000040080764        0x4 /home/share/esp32/project/ESP32_CH374U/build/freertos/libfreertos.a(queue.o)
                                         0x78 (size before relaxing)
 .literal.xQueueTakeMutexRecursive
                0x0000000040080768        0x4 /home/share/esp32/project/ESP32_CH374U/build/freertos/libfreertos.a(queue.o)
                                         0x1c (size before relaxing)
 .literal.xQueueReceiveFromISR
                0x000000004008076c        0x4 /home/share/esp32/project/ESP32_CH374U/build/freertos/libfreertos.a(queue.o)
                                         0x30 (size before relaxing)
 .literal.vQueueDelete
                0x0000000040080770        0x4 /home/share/esp32/project/ESP32_CH374U/build/freertos/libfreertos.a(queue.o)
                                         0x18 (size before relaxing)
 .literal.vQueueWaitForMessageRestricted
                0x0000000040080774        0x0 /home/share/esp32/project/ESP32_CH374U/build/freertos/libfreertos.a(queue.o)
                                          0xc (size before relaxing)
 .literal._xt_tick_divisor_init
                0x0000000040080774        0x8 /home/share/esp32/project/ESP32_CH374U/build/freertos/libfreertos.a(xtensa_init.o)
                                          0xc (size before relaxing)
 .literal.vPortTaskWrapper
                0x000000004008077c        0x0 /home/share/esp32/project/ESP32_CH374U/build/freertos/libfreertos.a(port.o)
                                          0x8 (size before relaxing)
 .literal.pxPortInitialiseStack
                0x000000004008077c       0x14 /home/share/esp32/project/ESP32_CH374U/build/freertos/libfreertos.a(port.o)
                                         0x1c (size before relaxing)
 .literal.xPortStartScheduler
                0x0000000040080790        0x0 /home/share/esp32/project/ESP32_CH374U/build/freertos/libfreertos.a(port.o)
                                         0x14 (size before relaxing)
 .literal.xPortSysTickHandler
                0x0000000040080790        0x0 /home/share/esp32/project/ESP32_CH374U/build/freertos/libfreertos.a(port.o)
                                          0x8 (size before relaxing)
 .literal.vPortYieldOtherCore
                0x0000000040080790        0x0 /home/share/esp32/project/ESP32_CH374U/build/freertos/libfreertos.a(port.o)
                                          0x4 (size before relaxing)
 .literal.vPortReleaseTaskMPUSettings
                0x0000000040080790        0x0 /home/share/esp32/project/ESP32_CH374U/build/freertos/libfreertos.a(port.o)
                                          0x4 (size before relaxing)
 .literal.xPortInIsrContext
                0x0000000040080790        0x0 /home/share/esp32/project/ESP32_CH374U/build/freertos/libfreertos.a(port.o)
                                          0x8 (size before relaxing)
 .literal.vPortCPUInitializeMutex
                0x0000000040080790        0x4 /home/share/esp32/project/ESP32_CH374U/build/freertos/libfreertos.a(port.o)
 .literal.vPortCPUAcquireMutex
                0x0000000040080794        0x4 /home/share/esp32/project/ESP32_CH374U/build/freertos/libfreertos.a(port.o)
                                          0xc (size before relaxing)
 .literal.vPortCPUReleaseMutex
                0x0000000040080798        0x0 /home/share/esp32/project/ESP32_CH374U/build/freertos/libfreertos.a(port.o)
                                          0x8 (size before relaxing)
 .literal.prvResetNextTaskUnblockTime
                0x0000000040080798        0x8 /home/share/esp32/project/ESP32_CH374U/build/freertos/libfreertos.a(tasks.o)
 .literal.prvDeleteTLS
                0x00000000400807a0       0x10 /home/share/esp32/project/ESP32_CH374U/build/freertos/libfreertos.a(tasks.o)
                                         0x18 (size before relaxing)
 .literal.prvInitialiseNewTask
                0x00000000400807b0        0x0 /home/share/esp32/project/ESP32_CH374U/build/freertos/libfreertos.a(tasks.o)
                                         0x18 (size before relaxing)
 .literal.prvInitialiseTaskLists
                0x00000000400807b0       0x20 /home/share/esp32/project/ESP32_CH374U/build/freertos/libfreertos.a(tasks.o)
                                         0x40 (size before relaxing)
 .literal.prvDeleteTCB
                0x00000000400807d0        0x8 /home/share/esp32/project/ESP32_CH374U/build/freertos/libfreertos.a(tasks.o)
                                         0x2c (size before relaxing)
 .literal.prvAddCurrentTaskToDelayedList
                0x00000000400807d8        0x4 /home/share/esp32/project/ESP32_CH374U/build/freertos/libfreertos.a(tasks.o)
                                         0x1c (size before relaxing)
 .literal.taskYIELD_OTHER_CORE
                0x00000000400807dc        0x0 /home/share/esp32/project/ESP32_CH374U/build/freertos/libfreertos.a(tasks.o)
                                         0x10 (size before relaxing)
 .literal.vTaskSuspendAll
                0x00000000400807dc        0x4 /home/share/esp32/project/ESP32_CH374U/build/freertos/libfreertos.a(tasks.o)
                                          0x8 (size before relaxing)
 .literal.xTaskGetTickCount
                0x00000000400807e0        0x0 /home/share/esp32/project/ESP32_CH374U/build/freertos/libfreertos.a(tasks.o)
                                          0x4 (size before relaxing)
 .literal.xTaskGetIdleTaskHandleForCPU
                0x00000000400807e0        0xc /home/share/esp32/project/ESP32_CH374U/build/freertos/libfreertos.a(tasks.o)
                                         0x1c (size before relaxing)
 .literal.vTaskSwitchContext
                0x00000000400807ec       0x18 /home/share/esp32/project/ESP32_CH374U/build/freertos/libfreertos.a(tasks.o)
                                         0x3c (size before relaxing)
 .literal.vTaskSetTimeOutState
                0x0000000040080804        0xc /home/share/esp32/project/ESP32_CH374U/build/freertos/libfreertos.a(tasks.o)
                                         0x20 (size before relaxing)
 .literal.xTaskGetCurrentTaskHandle
                0x0000000040080810        0x0 /home/share/esp32/project/ESP32_CH374U/build/freertos/libfreertos.a(tasks.o)
                                          0x8 (size before relaxing)
 .literal.__getreent
                0x0000000040080810        0x0 /home/share/esp32/project/ESP32_CH374U/build/freertos/libfreertos.a(tasks.o)
                                          0x8 (size before relaxing)
 .literal.pcTaskGetTaskName
                0x0000000040080810        0x8 /home/share/esp32/project/ESP32_CH374U/build/freertos/libfreertos.a(tasks.o)
                                         0x1c (size before relaxing)
 .literal.xTaskGetAffinity
                0x0000000040080818        0x0 /home/share/esp32/project/ESP32_CH374U/build/freertos/libfreertos.a(tasks.o)
                                          0x4 (size before relaxing)
 .literal.xTaskGetSchedulerState
                0x0000000040080818        0x4 /home/share/esp32/project/ESP32_CH374U/build/freertos/libfreertos.a(tasks.o)
                                          0xc (size before relaxing)
 .literal.vTaskEnterCritical
                0x000000004008081c        0x0 /home/share/esp32/project/ESP32_CH374U/build/freertos/libfreertos.a(tasks.o)
                                         0x10 (size before relaxing)
 .literal.vTaskExitCritical
                0x000000004008081c        0x0 /home/share/esp32/project/ESP32_CH374U/build/freertos/libfreertos.a(tasks.o)
                                         0x10 (size before relaxing)
 .literal.prvAddNewTaskToReadyList
                0x000000004008081c       0x10 /home/share/esp32/project/ESP32_CH374U/build/freertos/libfreertos.a(tasks.o)
                                         0x58 (size before relaxing)
 .literal.xTaskCreatePinnedToCore
                0x000000004008082c        0x0 /home/share/esp32/project/ESP32_CH374U/build/freertos/libfreertos.a(tasks.o)
                                         0x18 (size before relaxing)
 .literal.vTaskStartScheduler
                0x000000004008082c       0x10 /home/share/esp32/project/ESP32_CH374U/build/freertos/libfreertos.a(tasks.o)
                                         0x3c (size before relaxing)
 .literal.vTaskDelete
                0x000000004008083c        0x8 /home/share/esp32/project/ESP32_CH374U/build/freertos/libfreertos.a(tasks.o)
                                         0x60 (size before relaxing)
 .literal.vTaskDelay
                0x0000000040080844        0x4 /home/share/esp32/project/ESP32_CH374U/build/freertos/libfreertos.a(tasks.o)
                                         0x38 (size before relaxing)
 .literal.uxTaskPriorityGet
                0x0000000040080848        0x0 /home/share/esp32/project/ESP32_CH374U/build/freertos/libfreertos.a(tasks.o)
                                         0x10 (size before relaxing)
 .literal.vTaskPrioritySet
                0x0000000040080848        0x4 /home/share/esp32/project/ESP32_CH374U/build/freertos/libfreertos.a(tasks.o)
                                         0x44 (size before relaxing)
 .literal.prvCheckTasksWaitingTermination
                0x000000004008084c        0x8 /home/share/esp32/project/ESP32_CH374U/build/freertos/libfreertos.a(tasks.o)
                                         0x30 (size before relaxing)
 .literal.prvIdleTask
                0x0000000040080854        0x0 /home/share/esp32/project/ESP32_CH374U/build/freertos/libfreertos.a(tasks.o)
                                          0x8 (size before relaxing)
 .literal.xTaskIncrementTick
                0x0000000040080854        0xc /home/share/esp32/project/ESP32_CH374U/build/freertos/libfreertos.a(tasks.o)
                                         0x6c (size before relaxing)
 .literal.xTaskResumeAll
                0x0000000040080860        0x8 /home/share/esp32/project/ESP32_CH374U/build/freertos/libfreertos.a(tasks.o)
                                         0x5c (size before relaxing)
 .literal.vTaskPlaceOnEventList
                0x0000000040080868        0x8 /home/share/esp32/project/ESP32_CH374U/build/freertos/libfreertos.a(tasks.o)
                                         0x40 (size before relaxing)
 .literal.vTaskPlaceOnEventListRestricted
                0x0000000040080870        0x8 /home/share/esp32/project/ESP32_CH374U/build/freertos/libfreertos.a(tasks.o)
                                         0x38 (size before relaxing)
 .literal.xTaskRemoveFromEventList
                0x0000000040080878        0x8 /home/share/esp32/project/ESP32_CH374U/build/freertos/libfreertos.a(tasks.o)
                                         0x58 (size before relaxing)
 .literal.xTaskCheckForTimeOut
                0x0000000040080880        0xc /home/share/esp32/project/ESP32_CH374U/build/freertos/libfreertos.a(tasks.o)
                                         0x3c (size before relaxing)
 .literal.vTaskPriorityInherit
                0x000000004008088c        0x0 /home/share/esp32/project/ESP32_CH374U/build/freertos/libfreertos.a(tasks.o)
                                         0x28 (size before relaxing)
 .literal.xTaskPriorityDisinherit
                0x000000004008088c        0x8 /home/share/esp32/project/ESP32_CH374U/build/freertos/libfreertos.a(tasks.o)
                                         0x3c (size before relaxing)
 .literal.pvTaskIncrementMutexHeldCount
                0x0000000040080894        0x0 /home/share/esp32/project/ESP32_CH374U/build/freertos/libfreertos.a(tasks.o)
                                         0x10 (size before relaxing)
 .literal.prvGetNextExpireTime
                0x0000000040080894        0x4 /home/share/esp32/project/ESP32_CH374U/build/freertos/libfreertos.a(timers.o)
 .literal.prvInsertTimerInActiveList
                0x0000000040080898        0x4 /home/share/esp32/project/ESP32_CH374U/build/freertos/libfreertos.a(timers.o)
                                         0x10 (size before relaxing)
 .literal.prvCheckForValidListAndQueue
                0x000000004008089c       0x1c /home/share/esp32/project/ESP32_CH374U/build/freertos/libfreertos.a(timers.o)
                                         0x44 (size before relaxing)
 .literal.xTimerCreateTimerTask
                0x00000000400808b8        0xc /home/share/esp32/project/ESP32_CH374U/build/freertos/libfreertos.a(timers.o)
                                         0x2c (size before relaxing)
 .literal.xTimerGenericCommand
                0x00000000400808c4        0x0 /home/share/esp32/project/ESP32_CH374U/build/freertos/libfreertos.a(timers.o)
                                         0x14 (size before relaxing)
 .literal.prvSwitchTimerLists
                0x00000000400808c4        0x4 /home/share/esp32/project/ESP32_CH374U/build/freertos/libfreertos.a(timers.o)
                                         0x28 (size before relaxing)
 .literal.prvSampleTimeNow
                0x00000000400808c8        0x4 /home/share/esp32/project/ESP32_CH374U/build/freertos/libfreertos.a(timers.o)
                                          0xc (size before relaxing)
 .literal.prvProcessExpiredTimer
                0x00000000400808cc        0x4 /home/share/esp32/project/ESP32_CH374U/build/freertos/libfreertos.a(timers.o)
                                         0x24 (size before relaxing)
 .literal.prvProcessTimerOrBlockTask
                0x00000000400808d0        0x0 /home/share/esp32/project/ESP32_CH374U/build/freertos/libfreertos.a(timers.o)
                                         0x24 (size before relaxing)
 .literal.prvProcessReceivedCommands
                0x00000000400808d0        0x8 /home/share/esp32/project/ESP32_CH374U/build/freertos/libfreertos.a(timers.o)
                                         0x40 (size before relaxing)
 .literal.prvTimerTask
                0x00000000400808d8        0x0 /home/share/esp32/project/ESP32_CH374U/build/freertos/libfreertos.a(timers.o)
                                          0xc (size before relaxing)
 .literal       0x00000000400808d8        0x0 /home/share/esp32/project/ESP32_CH374U/build/freertos/libfreertos.a(xtensa_context.o)
                                         0x10 (size before relaxing)
 .literal       0x00000000400808d8        0xc /home/share/esp32/project/ESP32_CH374U/build/freertos/libfreertos.a(portasm.o)
                                         0x54 (size before relaxing)
 .literal.get_prev_free_block
                0x00000000400808e4        0x0 /home/share/esp32/project/ESP32_CH374U/build/heap/libheap.a(multi_heap.o)
                                          0x4 (size before relaxing)
 .literal.split_if_necessary
                0x00000000400808e4        0x0 /home/share/esp32/project/ESP32_CH374U/build/heap/libheap.a(multi_heap.o)
                                          0x8 (size before relaxing)
 .literal.merge_adjacent
                0x00000000400808e4        0x0 /home/share/esp32/project/ESP32_CH374U/build/heap/libheap.a(multi_heap.o)
                                          0x4 (size before relaxing)
 .literal.multi_heap_malloc_impl
                0x00000000400808e4        0x0 /home/share/esp32/project/ESP32_CH374U/build/heap/libheap.a(multi_heap.o)
                                         0x14 (size before relaxing)
 .literal.multi_heap_free_impl
                0x00000000400808e4        0x0 /home/share/esp32/project/ESP32_CH374U/build/heap/libheap.a(multi_heap.o)
                                         0x14 (size before relaxing)
 .literal.multi_heap_realloc_impl
                0x00000000400808e4        0x0 /home/share/esp32/project/ESP32_CH374U/build/heap/libheap.a(multi_heap.o)
                                         0x38 (size before relaxing)
 .literal.panicPutChar
                0x00000000400808e4        0x4 /home/share/esp32/project/ESP32_CH374U/build/esp32/libesp32.a(panic.o)
                                          0x8 (size before relaxing)
 .literal.panicPutStr
                0x00000000400808e8        0x0 /home/share/esp32/project/ESP32_CH374U/build/esp32/libesp32.a(panic.o)
                                          0x4 (size before relaxing)
 .literal.panicPutHex
                0x00000000400808e8        0x0 /home/share/esp32/project/ESP32_CH374U/build/esp32/libesp32.a(panic.o)
                                          0x8 (size before relaxing)
 .literal.panicPutDec
                0x00000000400808e8        0x4 /home/share/esp32/project/ESP32_CH374U/build/esp32/libesp32.a(panic.o)
                                         0x10 (size before relaxing)
 .literal.illegal_instruction_helper
                0x00000000400808ec       0x18 /home/share/esp32/project/ESP32_CH374U/build/esp32/libesp32.a(panic.o)
                                         0x3c (size before relaxing)
 .literal.reconfigureAllWdts
                0x0000000040080904       0x10 /home/share/esp32/project/ESP32_CH374U/build/esp32/libesp32.a(panic.o)
                                         0x24 (size before relaxing)
 .literal.putEntry
                0x0000000040080914        0xc /home/share/esp32/project/ESP32_CH374U/build/esp32/libesp32.a(panic.o)
                                         0x20 (size before relaxing)
 .literal.doBacktrace
                0x0000000040080920       0x10 /home/share/esp32/project/ESP32_CH374U/build/esp32/libesp32.a(panic.o)
                                         0x24 (size before relaxing)
 .literal.invoke_abort
                0x0000000040080930        0x4 /home/share/esp32/project/ESP32_CH374U/build/esp32/libesp32.a(panic.o)
                                          0x8 (size before relaxing)
 .literal.haltOtherCore
                0x0000000040080934        0x0 /home/share/esp32/project/ESP32_CH374U/build/esp32/libesp32.a(panic.o)
                                          0x4 (size before relaxing)
 .literal.commonErrorHandler_dump
                0x0000000040080934       0x2c /home/share/esp32/project/ESP32_CH374U/build/esp32/libesp32.a(panic.o)
                                         0x90 (size before relaxing)
 .literal.esp_panic_dig_reset
                0x0000000040080960        0x0 /home/share/esp32/project/ESP32_CH374U/build/esp32/libesp32.a(panic.o)
                                         0x18 (size before relaxing)
 .literal.commonErrorHandler
                0x0000000040080960        0x8 /home/share/esp32/project/ESP32_CH374U/build/esp32/libesp32.a(panic.o)
                                         0x4c (size before relaxing)
 .literal.abort
                0x0000000040080968        0x8 /home/share/esp32/project/ESP32_CH374U/build/esp32/libesp32.a(panic.o)
                                         0x18 (size before relaxing)
 .literal.vApplicationStackOverflowHook
                0x0000000040080970        0x8 /home/share/esp32/project/ESP32_CH374U/build/esp32/libesp32.a(panic.o)
                                         0x18 (size before relaxing)
 .literal.panicHandler
                0x0000000040080978       0x34 /home/share/esp32/project/ESP32_CH374U/build/esp32/libesp32.a(panic.o)
                                         0xa8 (size before relaxing)
 .literal.xt_unhandled_exception
                0x00000000400809ac       0x18 /home/share/esp32/project/ESP32_CH374U/build/esp32/libesp32.a(panic.o)
                                         0x68 (size before relaxing)
 .literal.rtc_wdt_get_protect_status
                0x00000000400809c4        0x8 /home/share/esp32/project/ESP32_CH374U/build/soc/libsoc.a(rtc_wdt.o)
 .literal.rtc_wdt_protect_off
                0x00000000400809cc        0x0 /home/share/esp32/project/ESP32_CH374U/build/soc/libsoc.a(rtc_wdt.o)
                                          0x8 (size before relaxing)
 .literal.rtc_wdt_protect_on
                0x00000000400809cc        0x0 /home/share/esp32/project/ESP32_CH374U/build/soc/libsoc.a(rtc_wdt.o)
                                          0x4 (size before relaxing)
 .literal.rtc_wdt_enable
                0x00000000400809cc        0xc /home/share/esp32/project/ESP32_CH374U/build/soc/libsoc.a(rtc_wdt.o)
                                         0x10 (size before relaxing)
 .literal.rtc_wdt_feed
                0x00000000400809d8        0x0 /home/share/esp32/project/ESP32_CH374U/build/soc/libsoc.a(rtc_wdt.o)
                                         0x14 (size before relaxing)
 .literal.rtc_wdt_set_time
                0x00000000400809d8       0x14 /home/share/esp32/project/ESP32_CH374U/build/soc/libsoc.a(rtc_wdt.o)
                                         0x20 (size before relaxing)
 .literal.rtc_wdt_set_stage
                0x00000000400809ec       0x10 /home/share/esp32/project/ESP32_CH374U/build/soc/libsoc.a(rtc_wdt.o)
                                         0x14 (size before relaxing)
 .literal.rtc_wdt_disable
                0x00000000400809fc        0x0 /home/share/esp32/project/ESP32_CH374U/build/soc/libsoc.a(rtc_wdt.o)
                                         0x2c (size before relaxing)
 .literal.rtc_wdt_set_length_of_reset_signal
                0x00000000400809fc        0x8 /home/share/esp32/project/ESP32_CH374U/build/soc/libsoc.a(rtc_wdt.o)
                                          0xc (size before relaxing)
 .literal.rtc_wdt_is_on
                0x0000000040080a04        0x0 /home/share/esp32/project/ESP32_CH374U/build/soc/libsoc.a(rtc_wdt.o)
                                          0x4 (size before relaxing)
 .literal.rtc_init
                0x0000000040080a04       0x90 /home/share/esp32/project/ESP32_CH374U/build/soc/libsoc.a(rtc_init.o)
                                         0xdc (size before relaxing)
 .literal.rtc_clk_cal_internal
                0x0000000040080a94       0x20 /home/share/esp32/project/ESP32_CH374U/build/soc/libsoc.a(rtc_time.o)
                                         0x44 (size before relaxing)
 .literal.rtc_clk_cal
                0x0000000040080ab4        0x0 /home/share/esp32/project/ESP32_CH374U/build/soc/libsoc.a(rtc_time.o)
                                          0xc (size before relaxing)
 .literal.rtc_time_get
                0x0000000040080ab4       0x10 /home/share/esp32/project/ESP32_CH374U/build/soc/libsoc.a(rtc_time.o)
                                         0x18 (size before relaxing)
 .literal.rtc_clk_wait_for_slow_cycle
                0x0000000040080ac4        0x8 /home/share/esp32/project/ESP32_CH374U/build/soc/libsoc.a(rtc_time.o)
                                         0x20 (size before relaxing)
 .literal.rtc_clk_32k_enable_common
                0x0000000040080acc       0x14 /home/share/esp32/project/ESP32_CH374U/build/soc/libsoc.a(rtc_clk.o)
 .literal.rtc_clk_bbpll_disable
                0x0000000040080ae0        0x8 /home/share/esp32/project/ESP32_CH374U/build/soc/libsoc.a(rtc_clk.o)
                                         0x10 (size before relaxing)
 .literal.rtc_clk_bbpll_enable
                0x0000000040080ae8        0x8 /home/share/esp32/project/ESP32_CH374U/build/soc/libsoc.a(rtc_clk.o)
                                         0x1c (size before relaxing)
 .literal.rtc_clk_32k_enable
                0x0000000040080af0        0x0 /home/share/esp32/project/ESP32_CH374U/build/soc/libsoc.a(rtc_clk.o)
                                          0xc (size before relaxing)
 .literal.rtc_clk_32k_enable_external
                0x0000000040080af0        0x0 /home/share/esp32/project/ESP32_CH374U/build/soc/libsoc.a(rtc_clk.o)
                                          0x4 (size before relaxing)
 .literal.rtc_clk_8m_enable
                0x0000000040080af0        0x0 /home/share/esp32/project/ESP32_CH374U/build/soc/libsoc.a(rtc_clk.o)
                                         0x10 (size before relaxing)
 .literal.rtc_clk_slow_freq_set
                0x0000000040080af0        0x0 /home/share/esp32/project/ESP32_CH374U/build/soc/libsoc.a(rtc_clk.o)
                                          0xc (size before relaxing)
 .literal.rtc_clk_slow_freq_get
                0x0000000040080af0        0x0 /home/share/esp32/project/ESP32_CH374U/build/soc/libsoc.a(rtc_clk.o)
                                          0x4 (size before relaxing)
 .literal.rtc_clk_slow_freq_get_hz
                0x0000000040080af0        0x0 /home/share/esp32/project/ESP32_CH374U/build/soc/libsoc.a(rtc_clk.o)
                                         0x10 (size before relaxing)
 .literal.rtc_clk_fast_freq_set
                0x0000000040080af0        0x0 /home/share/esp32/project/ESP32_CH374U/build/soc/libsoc.a(rtc_clk.o)
                                          0xc (size before relaxing)
 .literal.rtc_clk_bbpll_configure
                0x0000000040080af0        0x4 /home/share/esp32/project/ESP32_CH374U/build/soc/libsoc.a(rtc_clk.o)
                                         0x3c (size before relaxing)
 .literal.rtc_clk_xtal_freq_get
                0x0000000040080af4        0x8 /home/share/esp32/project/ESP32_CH374U/build/soc/libsoc.a(rtc_clk.o)
 .literal.rtc_clk_cpu_freq_mhz_to_config
                0x0000000040080afc        0x0 /home/share/esp32/project/ESP32_CH374U/build/soc/libsoc.a(rtc_clk.o)
                                          0x4 (size before relaxing)
 .literal.rtc_clk_cpu_freq_get_config
                0x0000000040080afc        0x8 /home/share/esp32/project/ESP32_CH374U/build/soc/libsoc.a(rtc_clk.o)
                                         0x1c (size before relaxing)
 .literal.rtc_clk_apb_freq_update
                0x0000000040080b04        0x4 /home/share/esp32/project/ESP32_CH374U/build/soc/libsoc.a(rtc_clk.o)
 .literal.rtc_clk_cpu_freq_to_xtal
                0x0000000040080b08        0xc /home/share/esp32/project/ESP32_CH374U/build/soc/libsoc.a(rtc_clk.o)
                                         0x34 (size before relaxing)
 .literal.rtc_clk_cpu_freq_set_xtal
                0x0000000040080b14        0x0 /home/share/esp32/project/ESP32_CH374U/build/soc/libsoc.a(rtc_clk.o)
                                         0x10 (size before relaxing)
 .literal.rtc_clk_cpu_freq_to_pll_mhz
                0x0000000040080b14        0x4 /home/share/esp32/project/ESP32_CH374U/build/soc/libsoc.a(rtc_clk.o)
                                         0x2c (size before relaxing)
 .literal.rtc_clk_cpu_freq_to_8m
                0x0000000040080b18        0x4 /home/share/esp32/project/ESP32_CH374U/build/soc/libsoc.a(rtc_clk.o)
                                         0x2c (size before relaxing)
 .literal.rtc_clk_cpu_freq_set_config
                0x0000000040080b1c        0x0 /home/share/esp32/project/ESP32_CH374U/build/soc/libsoc.a(rtc_clk.o)
                                         0x30 (size before relaxing)
 .literal.rtc_clk_apb_freq_get
                0x0000000040080b1c        0x4 /home/share/esp32/project/ESP32_CH374U/build/soc/libsoc.a(rtc_clk.o)
                                         0x10 (size before relaxing)
 .literal       0x0000000040080b20        0x0 /home/share/esp32/esp-idf/components/esp32/libhal.a(windowspill_asm.o)
                                          0x4 (size before relaxing)
 .literal.esp_rom_spiflash_read_status
                0x0000000040080b20       0x10 /home/share/esp32/project/ESP32_CH374U/build/spi_flash/libspi_flash.a(spi_flash_rom_patch.o)
                                         0x14 (size before relaxing)
 .literal.esp_rom_spiflash_wait_idle
                0x0000000040080b30        0x8 /home/share/esp32/project/ESP32_CH374U/build/spi_flash/libspi_flash.a(spi_flash_rom_patch.o)
                                          0xc (size before relaxing)
 .literal.esp_rom_spiflash_erase_block_internal
                0x0000000040080b38        0x4 /home/share/esp32/project/ESP32_CH374U/build/spi_flash/libspi_flash.a(spi_flash_rom_patch.o)
                                         0x18 (size before relaxing)
 .literal.esp_rom_spiflash_erase_sector_internal
                0x0000000040080b3c        0x0 /home/share/esp32/project/ESP32_CH374U/build/spi_flash/libspi_flash.a(spi_flash_rom_patch.o)
                                         0x18 (size before relaxing)
 .literal.esp_rom_spiflash_read_data
                0x0000000040080b3c        0x8 /home/share/esp32/project/ESP32_CH374U/build/spi_flash/libspi_flash.a(spi_flash_rom_patch.o)
                                         0x18 (size before relaxing)
 .literal.esp_rom_spiflash_enable_write
                0x0000000040080b44        0x0 /home/share/esp32/project/ESP32_CH374U/build/spi_flash/libspi_flash.a(spi_flash_rom_patch.o)
                                         0x10 (size before relaxing)
 .literal.esp_rom_spiflash_program_page_internal
                0x0000000040080b44        0x8 /home/share/esp32/project/ESP32_CH374U/build/spi_flash/libspi_flash.a(spi_flash_rom_patch.o)
                                         0x24 (size before relaxing)
 .literal.esp_rom_spiflash_read_statushigh
                0x0000000040080b4c        0x4 /home/share/esp32/project/ESP32_CH374U/build/spi_flash/libspi_flash.a(spi_flash_rom_patch.o)
                                          0xc (size before relaxing)
 .literal.esp_rom_spiflash_write_status
                0x0000000040080b50        0x4 /home/share/esp32/project/ESP32_CH374U/build/spi_flash/libspi_flash.a(spi_flash_rom_patch.o)
                                         0x14 (size before relaxing)
 .literal.esp_rom_spiflash_unlock
                0x0000000040080b54        0x8 /home/share/esp32/project/ESP32_CH374U/build/spi_flash/libspi_flash.a(spi_flash_rom_patch.o)
                                         0x28 (size before relaxing)
 .literal.esp_rom_spiflash_erase_block
                0x0000000040080b5c        0xc /home/share/esp32/project/ESP32_CH374U/build/spi_flash/libspi_flash.a(spi_flash_rom_patch.o)
                                         0x20 (size before relaxing)
 .literal.esp_rom_spiflash_erase_sector
                0x0000000040080b68        0x0 /home/share/esp32/project/ESP32_CH374U/build/spi_flash/libspi_flash.a(spi_flash_rom_patch.o)
                                         0x20 (size before relaxing)
 .literal.esp_rom_spiflash_write
                0x0000000040080b68        0x0 /home/share/esp32/project/ESP32_CH374U/build/spi_flash/libspi_flash.a(spi_flash_rom_patch.o)
                                         0x28 (size before relaxing)
 .literal.esp_rom_spiflash_write_encrypted
                0x0000000040080b68        0xc /home/share/esp32/project/ESP32_CH374U/build/spi_flash/libspi_flash.a(spi_flash_rom_patch.o)
                                         0x10 (size before relaxing)
 .literal.esp_rom_spiflash_read
                0x0000000040080b74       0x30 /home/share/esp32/project/ESP32_CH374U/build/spi_flash/libspi_flash.a(spi_flash_rom_patch.o)
                                         0x5c (size before relaxing)
 .literal       0x0000000040080ba4       0x10 /home/share/esp32/esp-idf/components/newlib/lib/libm.a(lib_a-s_fpclassify.o)
                                         0x18 (size before relaxing)
 .iram1         0x0000000040080bb4      0x195 /home/share/esp32/project/ESP32_CH374U/build/esp32/libesp32.a(system_api.o)
                                        0x1e4 (size before relaxing)
                0x0000000040080bb4                esp_restart_noos
                0x0000000040080d28                esp_restart
                0x0000000040080d28                system_restart
 *fill*         0x0000000040080d49        0x3 
 .iram1         0x0000000040080d4c      0x1d4 /home/share/esp32/project/ESP32_CH374U/build/esp32/libesp32.a(cpu_start.o)
                                        0x266 (size before relaxing)
                0x0000000040080d4c                start_cpu0
                0x0000000040080d4c                start_cpu0_default
                0x0000000040080de0                start_cpu1_default
                0x0000000040080de0                start_cpu1
                0x0000000040080e40                call_start_cpu0
 *fill*         0x0000000040080f20        0x0 
 .iram1         0x0000000040080f20       0x47 /home/share/esp32/project/ESP32_CH374U/build/esp32/libesp32.a(clk.o)
                                         0x4b (size before relaxing)
                0x0000000040080f20                esp_clk_cpu_freq
                0x0000000040080f30                esp_clk_apb_freq
                0x0000000040080f48                esp_clk_xtal_freq
                0x0000000040080f58                ets_update_cpu_frequency
 *fill*         0x0000000040080f67        0x1 
 .iram1         0x0000000040080f68       0x9c /home/share/esp32/project/ESP32_CH374U/build/esp32/libesp32.a(crosscore_int.o)
                                         0xa8 (size before relaxing)
                0x0000000040080fec                esp_crosscore_int_send_yield
                0x0000000040080ff8                esp_crosscore_int_send_freq_switch
 .iram1         0x0000000040081004       0x2c /home/share/esp32/project/ESP32_CH374U/build/esp32/libesp32.a(cache_err_int.o)
                                         0x34 (size before relaxing)
                0x0000000040081004                esp_cache_err_get_cpuid
 .iram1         0x0000000040081030      0x2a6 /home/share/esp32/project/ESP32_CH374U/build/esp32/libesp32.a(intr_alloc.o)
                                        0x2b6 (size before relaxing)
                0x000000004008106c                esp_intr_set_in_iram
                0x00000000400810f4                esp_intr_enable
                0x000000004008117c                esp_intr_disable
                0x0000000040081234                esp_intr_noniram_disable
                0x0000000040081280                esp_intr_noniram_enable
                0x00000000400812c0                ets_isr_unmask
                0x00000000400812cc                ets_isr_mask
 *fill*         0x00000000400812d6        0x2 
 .iram1         0x00000000400812d8      0x1f1 /home/share/esp32/project/ESP32_CH374U/build/esp32/libesp32.a(esp_timer.o)
                                        0x205 (size before relaxing)
                0x00000000400813e0                esp_timer_stop
                0x0000000040081404                esp_timer_get_next_alarm
                0x0000000040081424                esp_timer_get_time
                0x0000000040081434                esp_timer_start_once
                0x0000000040081478                esp_timer_start_periodic
 *fill*         0x00000000400814c9        0x3 
 .iram1         0x00000000400814cc      0x1cb /home/share/esp32/project/ESP32_CH374U/build/esp32/libesp32.a(dport_access.o)
                                        0x1d3 (size before relaxing)
                0x00000000400814cc                esp_dport_access_stall_other_cpu_start
                0x000000004008157c                esp_dport_access_stall_other_cpu_end
                0x00000000400815e0                esp_dport_access_stall_other_cpu_start_wrap
                0x00000000400815e8                esp_dport_access_stall_other_cpu_end_wrap
                0x00000000400815f0                esp_dport_access_int_pause
                0x0000000040081614                esp_dport_access_int_abort
                0x0000000040081628                esp_dport_access_int_resume
                0x000000004008164c                esp_dport_access_reg_read
                0x0000000040081664                esp_dport_access_sequence_reg_read
                0x0000000040081670                esp_dport_access_read_buffer
 *fill*         0x0000000040081697        0x1 
 .iram1         0x0000000040081698       0xda /home/share/esp32/project/ESP32_CH374U/build/esp32/libesp32.a(dport_panic_highint_hdl.o)
                0x0000000040081698                xt_highint4
                0x0000000040081772                ld_include_panic_highint_hdl
 *fill*         0x0000000040081772        0x2 
 .iram1         0x0000000040081774       0x53 /home/share/esp32/project/ESP32_CH374U/build/esp32/libesp32.a(int_wdt.o)
 *fill*         0x00000000400817c7        0x1 
 .iram1         0x00000000400817c8      0x46f /home/share/esp32/project/ESP32_CH374U/build/esp32/libesp32.a(esp_timer_esp32.o)
                                        0x477 (size before relaxing)
                0x00000000400818c4                esp_timer_impl_get_time
                0x0000000040081a34                esp_timer_impl_set_alarm
                0x0000000040081b64                esp_timer_impl_update_apb_freq
                0x0000000040081c2c                esp_timer_impl_get_min_period_us
 *fill*         0x0000000040081c37        0x1 
 .iram1         0x0000000040081c38       0x27 /home/share/esp32/project/ESP32_CH374U/build/esp32/libesp32.a(freertos_hooks.o)
                0x0000000040081c38                esp_vApplicationTickHook
 *fill*         0x0000000040081c5f        0x1 
 .iram1         0x0000000040081c60       0x6c /home/share/esp32/project/ESP32_CH374U/build/esp32/libesp32.a(ipc.o)
                                         0x70 (size before relaxing)
 .iram1         0x0000000040081ccc       0x1a /home/share/esp32/project/ESP32_CH374U/build/freertos/libfreertos.a(port.o)
                0x0000000040081ccc                xPortInterruptedFromISRContext
 *fill*         0x0000000040081ce6        0x2 
 .iram1         0x0000000040081ce8      0x4b4 /home/share/esp32/project/ESP32_CH374U/build/freertos/libfreertos.a(xtensa_vectors.o)
                0x0000000040081ce8                _xt_panic
                0x0000000040081e00                _xt_user_exit
                0x00000000400820ec                _xt_medint2_exit
                0x0000000040082188                _xt_medint3_exit
 .iram1         0x000000004008219c      0x365 /home/share/esp32/project/ESP32_CH374U/build/heap/libheap.a(heap_caps.o)
                                        0x371 (size before relaxing)
                0x00000000400821d8                heap_caps_malloc
                0x0000000040082278                heap_caps_malloc_default
                0x00000000400822bc                heap_caps_malloc_prefer
                0x0000000040082314                heap_caps_free
                0x000000004008233c                heap_caps_realloc
                0x00000000400823c0                heap_caps_realloc_default
                0x0000000040082418                heap_caps_realloc_prefer
                0x000000004008247c                heap_caps_calloc
                0x00000000400824ac                heap_caps_calloc_prefer
 *fill*         0x0000000040082501        0x3 
 .iram1         0x0000000040082504       0x70 /home/share/esp32/project/ESP32_CH374U/build/newlib/libnewlib.a(time.o)
                                         0x74 (size before relaxing)
                0x0000000040082504                _gettimeofday_r
                0x000000004008254c                _times_r
 .iram1         0x0000000040082574       0x3c /home/share/esp32/project/ESP32_CH374U/build/newlib/libnewlib.a(reent_init.o)
                0x0000000040082574                esp_reent_init
 .iram1         0x00000000400825b0       0x5a /home/share/esp32/project/ESP32_CH374U/build/newlib/libnewlib.a(syscalls.o)
                                         0x62 (size before relaxing)
                0x00000000400825b0                _malloc_r
                0x00000000400825bc                _free_r
                0x00000000400825c8                _realloc_r
                0x00000000400825dc                _calloc_r
 *fill*         0x000000004008260a        0x2 
 .iram1         0x000000004008260c      0x1cc /home/share/esp32/project/ESP32_CH374U/build/newlib/libnewlib.a(locks.o)
                                        0x210 (size before relaxing)
                0x0000000040082724                _lock_init
                0x0000000040082734                _lock_init_recursive
                0x0000000040082744                _lock_close_recursive
                0x0000000040082744                _lock_close
                0x0000000040082780                _lock_acquire
                0x0000000040082790                _lock_acquire_recursive
                0x00000000400827a0                _lock_try_acquire
                0x00000000400827b0                _lock_try_acquire_recursive
                0x00000000400827c0                _lock_release
                0x00000000400827cc                _lock_release_recursive
 .iram1         0x00000000400827d8      0x11a /home/share/esp32/project/ESP32_CH374U/build/soc/libsoc.a(cpu_util.o)
                0x00000000400827d8                esp_cpu_stall
                0x000000004008286c                esp_cpu_unstall
                0x00000000400828c0                esp_cpu_reset
                0x00000000400828e4                esp_cpu_in_ocd_debug_mode
 *fill*         0x00000000400828f2        0x2 
 .iram1         0x00000000400828f4      0x254 /home/share/esp32/project/ESP32_CH374U/build/spi_flash/libspi_flash.a(cache_utils.o)
                                        0x290 (size before relaxing)
                0x0000000040082958                spi_flash_op_block_func
                0x0000000040082a04                spi_flash_disable_interrupts_caches_and_other_cpu
                0x0000000040082a84                spi_flash_enable_interrupts_caches_and_other_cpu
                0x0000000040082adc                spi_flash_disable_interrupts_caches_and_other_cpu_no_os
                0x0000000040082b08                spi_flash_enable_interrupts_caches_no_os
                0x0000000040082b24                spi_flash_cache_enabled
 .iram1         0x0000000040082b48      0x722 /home/share/esp32/project/ESP32_CH374U/build/spi_flash/libspi_flash.a(flash_ops.o)
                                        0x74a (size before relaxing)
                0x0000000040082bb8                spi_flash_guard_set
                0x0000000040082bc4                spi_flash_guard_get
                0x0000000040082bd0                spi_flash_get_chip_size
                0x0000000040082bdc                spi_flash_erase_range
                0x0000000040082c94                spi_flash_erase_sector
                0x0000000040082cb8                spi_flash_write
                0x0000000040082e80                spi_flash_read
                0x0000000040083118                spi_flash_read_encrypted
                0x0000000040083160                spi_flash_write_encrypted
 *fill*         0x000000004008326a        0x2 
 .iram1         0x000000004008326c      0x573 /home/share/esp32/project/ESP32_CH374U/build/spi_flash/libspi_flash.a(flash_mmap.o)
                                        0x5bf (size before relaxing)
                0x00000000400833c0                spi_flash_mmap_pages
                0x00000000400835dc                spi_flash_mmap
                0x0000000040083650                spi_flash_munmap
                0x00000000400836cc                spi_flash_mmap_get_free_pages
                0x0000000040083720                spi_flash_mark_modified_region
                0x000000004008376c                spi_flash_phys2cache
 *fill*         0x00000000400837df        0x0 
 *fill*         0x00000000400837df        0x0 
 *fill*         0x00000000400837df        0x0 
 *fill*         0x00000000400837df        0x0 
 *fill*         0x00000000400837df        0x0 
 *fill*         0x00000000400837df        0x1 
 .iram1         0x00000000400837e0       0x20 /home/share/esp32/project/ESP32_CH374U/build/esp32/libesp32.a(dbg_stubs.o)
 *fill*         0x0000000040083800        0x0 
 *fill*         0x0000000040083800        0x0 
 *fill*         0x0000000040083800        0x0 
 *fill*         0x0000000040083800        0x0 
 .iram1         0x0000000040083800       0x2e /home/share/esp32/project/ESP32_CH374U/build/freertos/libfreertos.a(xtensa_vector_defaults.o)
                0x0000000040083800                xt_debugexception
                0x0000000040083820                xt_highint5
                0x0000000040083828                _xt_nmi
                0x0000000040083828                xt_nmi
 *fill*         0x000000004008382e        0x0 
 *fill*         0x000000004008382e        0x0 
 *fill*         0x000000004008382e        0x0 
 *fill*         0x000000004008382e        0x0 
 *fill*         0x000000004008382e        0x0 
 *libesp_ringbuf.a:(.literal .text .literal.* .text.*)
 *fill*         0x000000004008382e        0x2 
 .text.prvGetFreeSize
                0x0000000040083830       0x3c /home/share/esp32/project/ESP32_CH374U/build/esp_ringbuf/libesp_ringbuf.a(ringbuf.o)
                                         0x40 (size before relaxing)
 .text.prvReceiveGeneric
                0x000000004008386c      0x128 /home/share/esp32/project/ESP32_CH374U/build/esp_ringbuf/libesp_ringbuf.a(ringbuf.o)
                                        0x13c (size before relaxing)
 .text.xRingbufferSend
                0x0000000040083994       0xfd /home/share/esp32/project/ESP32_CH374U/build/esp_ringbuf/libesp_ringbuf.a(ringbuf.o)
                                        0x111 (size before relaxing)
                0x0000000040083994                xRingbufferSend
 *fill*         0x0000000040083a91        0x3 
 .text.xRingbufferReceive
                0x0000000040083a94       0x45 /home/share/esp32/project/ESP32_CH374U/build/esp_ringbuf/libesp_ringbuf.a(ringbuf.o)
                0x0000000040083a94                xRingbufferReceive
 *fill*         0x0000000040083ad9        0x3 
 .text.vRingbufferReturnItem
                0x0000000040083adc       0x5a /home/share/esp32/project/ESP32_CH374U/build/esp_ringbuf/libesp_ringbuf.a(ringbuf.o)
                                         0x66 (size before relaxing)
                0x0000000040083adc                vRingbufferReturnItem
 *fill*         0x0000000040083b36        0x2 
 .text.prvCheckItemAvail
                0x0000000040083b38       0x34 /home/share/esp32/project/ESP32_CH374U/build/esp_ringbuf/libesp_ringbuf.a(ringbuf.o)
 *fill*         0x0000000040083b6c        0x0 
 *fill*         0x0000000040083b6c        0x0 
 *libfreertos.a:(.literal .text .literal.* .text.*)
 .text.xt_unhandled_interrupt
                0x0000000040083b6c       0x16 /home/share/esp32/project/ESP32_CH374U/build/freertos/libfreertos.a(xtensa_intr.o)
                0x0000000040083b6c                xt_unhandled_interrupt
 *fill*         0x0000000040083b82        0x2 
 .text.xt_set_interrupt_handler
                0x0000000040083b84       0x46 /home/share/esp32/project/ESP32_CH374U/build/freertos/libfreertos.a(xtensa_intr.o)
                0x0000000040083b84                xt_set_interrupt_handler
 *fill*         0x0000000040083bca        0x2 
 .text.prvIsQueueFull
                0x0000000040083bcc       0x2a /home/share/esp32/project/ESP32_CH374U/build/freertos/libfreertos.a(queue.o)
 *fill*         0x0000000040083bf6        0x2 
 .text.prvCopyDataToQueue
                0x0000000040083bf8       0x9e /home/share/esp32/project/ESP32_CH374U/build/freertos/libfreertos.a(queue.o)
 *fill*         0x0000000040083c96        0x2 
 .text.prvNotifyQueueSetContainer
                0x0000000040083c98       0x77 /home/share/esp32/project/ESP32_CH374U/build/freertos/libfreertos.a(queue.o)
                                         0x8a (size before relaxing)
 *fill*         0x0000000040083d0f        0x1 
 .text.prvCopyDataFromQueue
                0x0000000040083d10       0x24 /home/share/esp32/project/ESP32_CH374U/build/freertos/libfreertos.a(queue.o)
 .text.xQueueGenericReset
                0x0000000040083d34       0x86 /home/share/esp32/project/ESP32_CH374U/build/freertos/libfreertos.a(queue.o)
                                         0x96 (size before relaxing)
                0x0000000040083d34                xQueueGenericReset
 *fill*         0x0000000040083dba        0x2 
 .text.prvInitialiseNewQueue
                0x0000000040083dbc       0x1f /home/share/esp32/project/ESP32_CH374U/build/freertos/libfreertos.a(queue.o)
                                         0x23 (size before relaxing)
 *fill*         0x0000000040083ddb        0x1 
 .text.xQueueGenericCreate
                0x0000000040083ddc       0x49 /home/share/esp32/project/ESP32_CH374U/build/freertos/libfreertos.a(queue.o)
                                         0x4d (size before relaxing)
                0x0000000040083ddc                xQueueGenericCreate
 *fill*         0x0000000040083e25        0x3 
 .text.xQueueGetMutexHolder
                0x0000000040083e28       0x23 /home/share/esp32/project/ESP32_CH374U/build/freertos/libfreertos.a(queue.o)
                0x0000000040083e28                xQueueGetMutexHolder
 *fill*         0x0000000040083e4b        0x1 
 .text.xQueueCreateCountingSemaphore
                0x0000000040083e4c       0x66 /home/share/esp32/project/ESP32_CH374U/build/freertos/libfreertos.a(queue.o)
                                         0x6a (size before relaxing)
                0x0000000040083e4c                xQueueCreateCountingSemaphore
 *fill*         0x0000000040083eb2        0x2 
 .text.xQueueGenericSend
                0x0000000040083eb4      0x158 /home/share/esp32/project/ESP32_CH374U/build/freertos/libfreertos.a(queue.o)
                                        0x18c (size before relaxing)
                0x0000000040083eb4                xQueueGenericSend
 .text.prvInitialiseMutex
                0x000000004008400c       0x22 /home/share/esp32/project/ESP32_CH374U/build/freertos/libfreertos.a(queue.o)
                                         0x26 (size before relaxing)
 *fill*         0x000000004008402e        0x2 
 .text.xQueueCreateMutex
                0x0000000040084030       0x16 /home/share/esp32/project/ESP32_CH374U/build/freertos/libfreertos.a(queue.o)
                                         0x1a (size before relaxing)
                0x0000000040084030                xQueueCreateMutex
 *fill*         0x0000000040084046        0x2 
 .text.xQueueGiveMutexRecursive
                0x0000000040084048       0x48 /home/share/esp32/project/ESP32_CH374U/build/freertos/libfreertos.a(queue.o)
                                         0x4c (size before relaxing)
                0x0000000040084048                xQueueGiveMutexRecursive
 .text.xQueueGenericSendFromISR
                0x0000000040084090       0xd6 /home/share/esp32/project/ESP32_CH374U/build/freertos/libfreertos.a(queue.o)
                                         0xe6 (size before relaxing)
                0x0000000040084090                xQueueGenericSendFromISR
 *fill*         0x0000000040084166        0x2 
 .text.xQueueGiveFromISR
                0x0000000040084168       0xb6 /home/share/esp32/project/ESP32_CH374U/build/freertos/libfreertos.a(queue.o)
                                         0xc2 (size before relaxing)
                0x0000000040084168                xQueueGiveFromISR
 *fill*         0x000000004008421e        0x2 
 .text.xQueueGenericReceive
                0x0000000040084220      0x144 /home/share/esp32/project/ESP32_CH374U/build/freertos/libfreertos.a(queue.o)
                                        0x178 (size before relaxing)
                0x0000000040084220                xQueueGenericReceive
 .text.xQueueTakeMutexRecursive
                0x0000000040084364       0x51 /home/share/esp32/project/ESP32_CH374U/build/freertos/libfreertos.a(queue.o)
                0x0000000040084364                xQueueTakeMutexRecursive
 *fill*         0x00000000400843b5        0x3 
 .text.xQueueReceiveFromISR
                0x00000000400843b8       0x96 /home/share/esp32/project/ESP32_CH374U/build/freertos/libfreertos.a(queue.o)
                                         0xa6 (size before relaxing)
                0x00000000400843b8                xQueueReceiveFromISR
 *fill*         0x000000004008444e        0x2 
 .text.vQueueDelete
                0x0000000040084450       0x28 /home/share/esp32/project/ESP32_CH374U/build/freertos/libfreertos.a(queue.o)
                0x0000000040084450                vQueueDelete
 .text.vQueueWaitForMessageRestricted
                0x0000000040084478       0x23 /home/share/esp32/project/ESP32_CH374U/build/freertos/libfreertos.a(queue.o)
                                         0x2a (size before relaxing)
                0x0000000040084478                vQueueWaitForMessageRestricted
 *fill*         0x000000004008449b        0x1 
 .text._xt_tick_divisor_init
                0x000000004008449c       0x1c /home/share/esp32/project/ESP32_CH374U/build/freertos/libfreertos.a(xtensa_init.o)
                                         0x1f (size before relaxing)
                0x000000004008449c                _xt_tick_divisor_init
 *fill*         0x00000000400844b8        0x0 
 .text.vPortTaskWrapper
                0x00000000400844b8       0x12 /home/share/esp32/project/ESP32_CH374U/build/freertos/libfreertos.a(port.o)
                                         0x16 (size before relaxing)
 *fill*         0x00000000400844ca        0x2 
 .text.pxPortInitialiseStack
                0x00000000400844cc       0x8a /home/share/esp32/project/ESP32_CH374U/build/freertos/libfreertos.a(port.o)
                0x00000000400844cc                pxPortInitialiseStack
 *fill*         0x0000000040084556        0x2 
 .text.xPortStartScheduler
                0x0000000040084558       0x22 /home/share/esp32/project/ESP32_CH374U/build/freertos/libfreertos.a(port.o)
                                         0x2e (size before relaxing)
                0x0000000040084558                xPortStartScheduler
 *fill*         0x000000004008457a        0x2 
 .text.xPortSysTickHandler
                0x000000004008457c       0x10 /home/share/esp32/project/ESP32_CH374U/build/freertos/libfreertos.a(port.o)
                                         0x16 (size before relaxing)
                0x000000004008457c                xPortSysTickHandler
 *fill*         0x000000004008458c        0x0 
 .text.vPortYieldOtherCore
                0x000000004008458c        0xa /home/share/esp32/project/ESP32_CH374U/build/freertos/libfreertos.a(port.o)
                                          0xe (size before relaxing)
                0x000000004008458c                vPortYieldOtherCore
 *fill*         0x0000000040084596        0x2 
 .text.vPortReleaseTaskMPUSettings
                0x0000000040084598        0xa /home/share/esp32/project/ESP32_CH374U/build/freertos/libfreertos.a(port.o)
                                          0xe (size before relaxing)
                0x0000000040084598                vPortReleaseTaskMPUSettings
 *fill*         0x00000000400845a2        0x2 
 .text.xPortInIsrContext
                0x00000000400845a4       0x26 /home/share/esp32/project/ESP32_CH374U/build/freertos/libfreertos.a(port.o)
                0x00000000400845a4                xPortInIsrContext
 *fill*         0x00000000400845ca        0x2 
 .text.vPortCPUInitializeMutex
                0x00000000400845cc        0xe /home/share/esp32/project/ESP32_CH374U/build/freertos/libfreertos.a(port.o)
                0x00000000400845cc                vPortCPUInitializeMutex
 *fill*         0x00000000400845da        0x2 
 .text.vPortCPUAcquireMutex
                0x00000000400845dc       0x2b /home/share/esp32/project/ESP32_CH374U/build/freertos/libfreertos.a(port.o)
                0x00000000400845dc                vPortCPUAcquireMutex
 *fill*         0x0000000040084607        0x1 
 .text.vPortCPUReleaseMutex
                0x0000000040084608       0x1c /home/share/esp32/project/ESP32_CH374U/build/freertos/libfreertos.a(port.o)
                0x0000000040084608                vPortCPUReleaseMutex
 .text.prvResetNextTaskUnblockTime
                0x0000000040084624       0x34 /home/share/esp32/project/ESP32_CH374U/build/freertos/libfreertos.a(tasks.o)
 .text.prvDeleteTLS
                0x0000000040084658       0x40 /home/share/esp32/project/ESP32_CH374U/build/freertos/libfreertos.a(tasks.o)
 .text.prvInitialiseNewTask
                0x0000000040084698       0xc4 /home/share/esp32/project/ESP32_CH374U/build/freertos/libfreertos.a(tasks.o)
                                         0xd0 (size before relaxing)
 .text.prvInitialiseTaskLists
                0x000000004008475c       0x5a /home/share/esp32/project/ESP32_CH374U/build/freertos/libfreertos.a(tasks.o)
                                         0x6e (size before relaxing)
 *fill*         0x00000000400847b6        0x2 
 .text.prvDeleteTCB
                0x00000000400847b8       0x56 /home/share/esp32/project/ESP32_CH374U/build/freertos/libfreertos.a(tasks.o)
                                         0x5d (size before relaxing)
 *fill*         0x000000004008480e        0x2 
 .text.prvAddCurrentTaskToDelayedList
                0x0000000040084810       0x66 /home/share/esp32/project/ESP32_CH374U/build/freertos/libfreertos.a(tasks.o)
                                         0x6a (size before relaxing)
 *fill*         0x0000000040084876        0x2 
 .text.taskYIELD_OTHER_CORE
                0x0000000040084878       0x53 /home/share/esp32/project/ESP32_CH374U/build/freertos/libfreertos.a(tasks.o)
                0x0000000040084878                taskYIELD_OTHER_CORE
 *fill*         0x00000000400848cb        0x1 
 .text.vTaskSuspendAll
                0x00000000400848cc       0x26 /home/share/esp32/project/ESP32_CH374U/build/freertos/libfreertos.a(tasks.o)
                0x00000000400848cc                vTaskSuspendAll
 *fill*         0x00000000400848f2        0x2 
 .text.xTaskGetTickCount
                0x00000000400848f4        0xd /home/share/esp32/project/ESP32_CH374U/build/freertos/libfreertos.a(tasks.o)
                0x00000000400848f4                xTaskGetTickCount
 *fill*         0x0000000040084901        0x3 
 .text.xTaskGetIdleTaskHandleForCPU
                0x0000000040084904       0x2a /home/share/esp32/project/ESP32_CH374U/build/freertos/libfreertos.a(tasks.o)
                                         0x2e (size before relaxing)
                0x0000000040084904                xTaskGetIdleTaskHandleForCPU
 *fill*         0x000000004008492e        0x2 
 .text.vTaskSwitchContext
                0x0000000040084930      0x27e /home/share/esp32/project/ESP32_CH374U/build/freertos/libfreertos.a(tasks.o)
                                        0x28a (size before relaxing)
                0x0000000040084930                vTaskSwitchContext
 *fill*         0x0000000040084bae        0x2 
 .text.vTaskSetTimeOutState
                0x0000000040084bb0       0x34 /home/share/esp32/project/ESP32_CH374U/build/freertos/libfreertos.a(tasks.o)
                0x0000000040084bb0                vTaskSetTimeOutState
 .text.xTaskGetCurrentTaskHandle
                0x0000000040084be4       0x1f /home/share/esp32/project/ESP32_CH374U/build/freertos/libfreertos.a(tasks.o)
                0x0000000040084be4                xTaskGetCurrentTaskHandle
 *fill*         0x0000000040084c03        0x1 
 .text.__getreent
                0x0000000040084c04       0x19 /home/share/esp32/project/ESP32_CH374U/build/freertos/libfreertos.a(tasks.o)
                0x0000000040084c04                __getreent
 *fill*         0x0000000040084c1d        0x3 
 .text.pcTaskGetTaskName
                0x0000000040084c20       0x2a /home/share/esp32/project/ESP32_CH374U/build/freertos/libfreertos.a(tasks.o)
                                         0x2d (size before relaxing)
                0x0000000040084c20                pcTaskGetTaskName
 *fill*         0x0000000040084c4a        0x2 
 .text.xTaskGetAffinity
                0x0000000040084c4c       0x10 /home/share/esp32/project/ESP32_CH374U/build/freertos/libfreertos.a(tasks.o)
                                         0x13 (size before relaxing)
                0x0000000040084c4c                xTaskGetAffinity
 *fill*         0x0000000040084c5c        0x0 
 .text.xTaskGetSchedulerState
                0x0000000040084c5c       0x37 /home/share/esp32/project/ESP32_CH374U/build/freertos/libfreertos.a(tasks.o)
                0x0000000040084c5c                xTaskGetSchedulerState
 *fill*         0x0000000040084c93        0x1 
 .text.vTaskEnterCritical
                0x0000000040084c94       0x57 /home/share/esp32/project/ESP32_CH374U/build/freertos/libfreertos.a(tasks.o)
                0x0000000040084c94                vTaskEnterCritical
 *fill*         0x0000000040084ceb        0x1 
 .text.vTaskExitCritical
                0x0000000040084cec       0x42 /home/share/esp32/project/ESP32_CH374U/build/freertos/libfreertos.a(tasks.o)
                0x0000000040084cec                vTaskExitCritical
 *fill*         0x0000000040084d2e        0x2 
 .text.prvAddNewTaskToReadyList
                0x0000000040084d30      0x160 /home/share/esp32/project/ESP32_CH374U/build/freertos/libfreertos.a(tasks.o)
                                        0x173 (size before relaxing)
 *fill*         0x0000000040084e90        0x0 
 .text.xTaskCreatePinnedToCore
                0x0000000040084e90       0x6e /home/share/esp32/project/ESP32_CH374U/build/freertos/libfreertos.a(tasks.o)
                                         0x76 (size before relaxing)
                0x0000000040084e90                xTaskCreatePinnedToCore
 *fill*         0x0000000040084efe        0x2 
 .text.vTaskStartScheduler
                0x0000000040084f00       0x73 /home/share/esp32/project/ESP32_CH374U/build/freertos/libfreertos.a(tasks.o)
                                         0x82 (size before relaxing)
                0x0000000040084f00                vTaskStartScheduler
 *fill*         0x0000000040084f73        0x1 
 .text.vTaskDelete
                0x0000000040084f74      0x10a /home/share/esp32/project/ESP32_CH374U/build/freertos/libfreertos.a(tasks.o)
                                        0x122 (size before relaxing)
                0x0000000040084f74                vTaskDelete
 *fill*         0x000000004008507e        0x2 
 .text.vTaskDelay
                0x0000000040085080       0x70 /home/share/esp32/project/ESP32_CH374U/build/freertos/libfreertos.a(tasks.o)
                                         0x80 (size before relaxing)
                0x0000000040085080                vTaskDelay
 .text.uxTaskPriorityGet
                0x00000000400850f0       0x1c /home/share/esp32/project/ESP32_CH374U/build/freertos/libfreertos.a(tasks.o)
                                         0x23 (size before relaxing)
                0x00000000400850f0                uxTaskPriorityGet
 *fill*         0x000000004008510c        0x0 
 .text.vTaskPrioritySet
                0x000000004008510c      0x12d /home/share/esp32/project/ESP32_CH374U/build/freertos/libfreertos.a(tasks.o)
                                        0x143 (size before relaxing)
                0x000000004008510c                vTaskPrioritySet
 *fill*         0x0000000040085239        0x3 
 .text.prvCheckTasksWaitingTermination
                0x000000004008523c       0xbe /home/share/esp32/project/ESP32_CH374U/build/freertos/libfreertos.a(tasks.o)
                                         0xc6 (size before relaxing)
 *fill*         0x00000000400852fa        0x2 
 .text.prvIdleTask
                0x00000000400852fc        0xc /home/share/esp32/project/ESP32_CH374U/build/freertos/libfreertos.a(tasks.o)
                                         0x12 (size before relaxing)
 *fill*         0x0000000040085308        0x0 
 .text.xTaskIncrementTick
                0x0000000040085308      0x1a6 /home/share/esp32/project/ESP32_CH374U/build/freertos/libfreertos.a(tasks.o)
                                        0x1ba (size before relaxing)
                0x0000000040085308                xTaskIncrementTick
 *fill*         0x00000000400854ae        0x2 
 .text.xTaskResumeAll
                0x00000000400854b0      0x173 /home/share/esp32/project/ESP32_CH374U/build/freertos/libfreertos.a(tasks.o)
                                        0x186 (size before relaxing)
                0x00000000400854b0                xTaskResumeAll
 *fill*         0x0000000040085623        0x1 
 .text.vTaskPlaceOnEventList
                0x0000000040085624       0x83 /home/share/esp32/project/ESP32_CH374U/build/freertos/libfreertos.a(tasks.o)
                                         0x97 (size before relaxing)
                0x0000000040085624                vTaskPlaceOnEventList
 *fill*         0x00000000400856a7        0x1 
 .text.vTaskPlaceOnEventListRestricted
                0x00000000400856a8       0x5b /home/share/esp32/project/ESP32_CH374U/build/freertos/libfreertos.a(tasks.o)
                                         0x6f (size before relaxing)
                0x00000000400856a8                vTaskPlaceOnEventListRestricted
 *fill*         0x0000000040085703        0x1 
 .text.xTaskRemoveFromEventList
                0x0000000040085704      0x134 /home/share/esp32/project/ESP32_CH374U/build/freertos/libfreertos.a(tasks.o)
                                        0x143 (size before relaxing)
                0x0000000040085704                xTaskRemoveFromEventList
 *fill*         0x0000000040085838        0x0 
 .text.xTaskCheckForTimeOut
                0x0000000040085838       0x8b /home/share/esp32/project/ESP32_CH374U/build/freertos/libfreertos.a(tasks.o)
                                         0x96 (size before relaxing)
                0x0000000040085838                xTaskCheckForTimeOut
 *fill*         0x00000000400858c3        0x1 
 .text.vTaskPriorityInherit
                0x00000000400858c4       0xc4 /home/share/esp32/project/ESP32_CH374U/build/freertos/libfreertos.a(tasks.o)
                                         0xdb (size before relaxing)
                0x00000000400858c4                vTaskPriorityInherit
 *fill*         0x0000000040085988        0x0 
 .text.xTaskPriorityDisinherit
                0x0000000040085988       0x97 /home/share/esp32/project/ESP32_CH374U/build/freertos/libfreertos.a(tasks.o)
                                         0xaa (size before relaxing)
                0x0000000040085988                xTaskPriorityDisinherit
 *fill*         0x0000000040085a1f        0x1 
 .text.pvTaskIncrementMutexHeldCount
                0x0000000040085a20       0x50 /home/share/esp32/project/ESP32_CH374U/build/freertos/libfreertos.a(tasks.o)
                                         0x54 (size before relaxing)
                0x0000000040085a20                pvTaskIncrementMutexHeldCount
 .text.prvGetNextExpireTime
                0x0000000040085a70       0x20 /home/share/esp32/project/ESP32_CH374U/build/freertos/libfreertos.a(timers.o)
 .text.prvInsertTimerInActiveList
                0x0000000040085a90       0x50 /home/share/esp32/project/ESP32_CH374U/build/freertos/libfreertos.a(timers.o)
                                         0x54 (size before relaxing)
 .text.prvCheckForValidListAndQueue
                0x0000000040085ae0       0x66 /home/share/esp32/project/ESP32_CH374U/build/freertos/libfreertos.a(timers.o)
                                         0x7e (size before relaxing)
 *fill*         0x0000000040085b46        0x2 
 .text.xTimerCreateTimerTask
                0x0000000040085b48       0x48 /home/share/esp32/project/ESP32_CH374U/build/freertos/libfreertos.a(timers.o)
                                         0x4c (size before relaxing)
                0x0000000040085b48                xTimerCreateTimerTask
 .text.xTimerGenericCommand
                0x0000000040085b90       0x55 /home/share/esp32/project/ESP32_CH374U/build/freertos/libfreertos.a(timers.o)
                                         0x5d (size before relaxing)
                0x0000000040085b90                xTimerGenericCommand
 *fill*         0x0000000040085be5        0x3 
 .text.prvSwitchTimerLists
                0x0000000040085be8       0x76 /home/share/esp32/project/ESP32_CH374U/build/freertos/libfreertos.a(timers.o)
                                         0x82 (size before relaxing)
 *fill*         0x0000000040085c5e        0x2 
 .text.prvSampleTimeNow
                0x0000000040085c60       0x2b /home/share/esp32/project/ESP32_CH374U/build/freertos/libfreertos.a(timers.o)
                                         0x2f (size before relaxing)
 *fill*         0x0000000040085c8b        0x1 
 .text.prvProcessExpiredTimer
                0x0000000040085c8c       0x53 /home/share/esp32/project/ESP32_CH374U/build/freertos/libfreertos.a(timers.o)
                                         0x5f (size before relaxing)
 *fill*         0x0000000040085cdf        0x1 
 .text.prvProcessTimerOrBlockTask
                0x0000000040085ce0       0x58 /home/share/esp32/project/ESP32_CH374U/build/freertos/libfreertos.a(timers.o)
                                         0x6c (size before relaxing)
 .text.prvProcessReceivedCommands
                0x0000000040085d38       0xd6 /home/share/esp32/project/ESP32_CH374U/build/freertos/libfreertos.a(timers.o)
                                         0xe6 (size before relaxing)
 *fill*         0x0000000040085e0e        0x2 
 .text.prvTimerTask
                0x0000000040085e10       0x15 /home/share/esp32/project/ESP32_CH374U/build/freertos/libfreertos.a(timers.o)
                                         0x1d (size before relaxing)
 *fill*         0x0000000040085e25        0x3 
 .text          0x0000000040085e28      0x12b /home/share/esp32/project/ESP32_CH374U/build/freertos/libfreertos.a(xtensa_context.o)
                0x0000000040085e28                _xt_context_save
                0x0000000040085e90                _xt_context_restore
                0x0000000040085ed4                _xt_coproc_init
                0x0000000040085ee8                _xt_coproc_release
                0x0000000040085f14                _xt_coproc_savecs
                0x0000000040085f34                _xt_coproc_restorecs
 *fill*         0x0000000040085f53        0x1 
 .text          0x0000000040085f54      0x1d0 /home/share/esp32/project/ESP32_CH374U/build/freertos/libfreertos.a(portasm.o)
                0x0000000040085f54                _frxt_setup_switch
                0x0000000040085f6c                _frxt_int_enter
                0x0000000040085fb4                _frxt_int_exit
                0x0000000040086004                _frxt_timer_int
                0x000000004008602c                _frxt_tick_timer_init
                0x0000000040086044                _frxt_dispatch
                0x000000004008608c                vPortYield
                0x00000000400860d8                vPortYieldFromInt
                0x00000000400860f8                _frxt_task_coproc_state
 *fill*         0x0000000040086124        0x0 
 *fill*         0x0000000040086124        0x0 
 *fill*         0x0000000040086124        0x0 
 .text.prvIsQueueEmpty
                0x0000000040086124       0x12 /home/share/esp32/project/ESP32_CH374U/build/freertos/libfreertos.a(queue.o)
 *fill*         0x0000000040086136        0x0 
 *fill*         0x0000000040086136        0x0 
 *fill*         0x0000000040086136        0x0 
 *fill*         0x0000000040086136        0x0 
 *fill*         0x0000000040086136        0x0 
 *fill*         0x0000000040086136        0x0 
 *fill*         0x0000000040086136        0x0 
 *fill*         0x0000000040086136        0x0 
 *fill*         0x0000000040086136        0x0 
 *fill*         0x0000000040086136        0x0 