Archive member included to satisfy reference by file (symbol)

/home/share/esp32/project/gpio/build/cxx/libcxx.a(cxx_guards.o)
                              (__cxa_guard_dummy)
/home/share/esp32/project/gpio/build/cxx/libcxx.a(cxx_exception_stubs.o)
                              (__cxx_fatal_exception)
/home/share/esp32/project/gpio/build/esp32/libesp32.a(panic.o)
                              /home/share/esp32/project/gpio/build/cxx/libcxx.a(cxx_guards.o) (abort)
/home/share/esp32/project/gpio/build/esp32/libesp32.a(system_api.o)
                              /home/share/esp32/project/gpio/build/esp32/libesp32.a(panic.o) (esp_restart_noos)
/home/share/esp32/project/gpio/build/esp32/libesp32.a(cpu_start.o)
                              (call_start_cpu0)
/home/share/esp32/project/gpio/build/esp32/libesp32.a(clk.o)
                              /home/share/esp32/project/gpio/build/esp32/libesp32.a(cpu_start.o) (esp_clk_init)
/home/share/esp32/project/gpio/build/esp32/libesp32.a(crosscore_int.o)
                              /home/share/esp32/project/gpio/build/esp32/libesp32.a(cpu_start.o) (esp_crosscore_int_init)
/home/share/esp32/project/gpio/build/esp32/libesp32.a(cache_err_int.o)
                              /home/share/esp32/project/gpio/build/esp32/libesp32.a(cpu_start.o) (esp_cache_err_int_init)
/home/share/esp32/project/gpio/build/esp32/libesp32.a(intr_alloc.o)
                              /home/share/esp32/project/gpio/build/esp32/libesp32.a(crosscore_int.o) (esp_intr_alloc)
/home/share/esp32/project/gpio/build/esp32/libesp32.a(esp_err_to_name.o)
                              /home/share/esp32/project/gpio/build/esp32/libesp32.a(panic.o) (esp_err_to_name)
/home/share/esp32/project/gpio/build/esp32/libesp32.a(esp_timer.o)
                              /home/share/esp32/project/gpio/build/esp32/libesp32.a(cpu_start.o) (esp_timer_init)
/home/share/esp32/project/gpio/build/esp32/libesp32.a(dport_access.o)
                              /home/share/esp32/project/gpio/build/esp32/libesp32.a(system_api.o) (esp_dport_access_stall_other_cpu_start)
/home/share/esp32/project/gpio/build/esp32/libesp32.a(brownout.o)
                              /home/share/esp32/project/gpio/build/esp32/libesp32.a(cpu_start.o) (esp_brownout_init)
/home/share/esp32/project/gpio/build/esp32/libesp32.a(dport_panic_highint_hdl.o)
                              (ld_include_panic_highint_hdl)
/home/share/esp32/project/gpio/build/esp32/libesp32.a(task_wdt.o)
                              /home/share/esp32/project/gpio/build/esp32/libesp32.a(cpu_start.o) (esp_task_wdt_init)
/home/share/esp32/project/gpio/build/esp32/libesp32.a(dbg_stubs.o)
                              /home/share/esp32/project/gpio/build/esp32/libesp32.a(cpu_start.o) (esp_dbg_stubs_init)
/home/share/esp32/project/gpio/build/esp32/libesp32.a(int_wdt.o)
                              /home/share/esp32/project/gpio/build/esp32/libesp32.a(dport_panic_highint_hdl.o) (int_wdt_app_cpu_ticked)
/home/share/esp32/project/gpio/build/esp32/libesp32.a(esp_timer_esp32.o)
                              /home/share/esp32/project/gpio/build/esp32/libesp32.a(esp_timer.o) (esp_timer_impl_get_time)
/home/share/esp32/project/gpio/build/esp32/libesp32.a(freertos_hooks.o)
                              /home/share/esp32/project/gpio/build/esp32/libesp32.a(task_wdt.o) (esp_register_freertos_idle_hook_for_cpu)
/home/share/esp32/project/gpio/build/esp32/libesp32.a(ipc.o)
                              /home/share/esp32/project/gpio/build/esp32/libesp32.a(intr_alloc.o) (esp_ipc_call_blocking)
/home/share/esp32/project/gpio/build/esp32/libesp32.a(pm_esp32.o)
                              /home/share/esp32/project/gpio/build/esp32/libesp32.a(freertos_hooks.o) (esp_pm_impl_waiti)
/home/share/esp32/project/gpio/build/esp32/libesp32.a(pm_locks.o)
                              /home/share/esp32/project/gpio/build/esp32/libesp32.a(pm_esp32.o) (esp_pm_lock_create)
/home/share/esp32/esp-idf/components/esp32/libhal.a(int_asm--set_intclear.o)
                              /home/share/esp32/project/gpio/build/esp32/libesp32.a(intr_alloc.o) (xthal_set_intclear)
/home/share/esp32/project/gpio/build/freertos/libfreertos.a(xtensa_intr.o)
                              /home/share/esp32/project/gpio/build/esp32/libesp32.a(intr_alloc.o) (xt_unhandled_interrupt)
/home/share/esp32/project/gpio/build/freertos/libfreertos.a(queue.o)
                              /home/share/esp32/project/gpio/build/esp32/libesp32.a(ipc.o) (xQueueGenericCreate)
/home/share/esp32/project/gpio/build/freertos/libfreertos.a(list.o)
                              /home/share/esp32/project/gpio/build/freertos/libfreertos.a(queue.o) (vListInitialise)
/home/share/esp32/project/gpio/build/freertos/libfreertos.a(xtensa_init.o)
                              /home/share/esp32/project/gpio/build/esp32/libesp32.a(pm_esp32.o) (_xt_tick_divisor)
/home/share/esp32/project/gpio/build/freertos/libfreertos.a(port.o)
[...]
Memory Configuration

Name             Origin             Length             Attributes
iram0_0_seg      0x0000000040080000 0x0000000000020000 xr
iram0_2_seg      0x00000000400d0018 0x000000000032ffe8 xr
dram0_0_seg      0x000000003ffb0000 0x000000000002c200 rw
drom0_0_seg      0x000000003f400018 0x00000000003fffe8 r
rtc_iram_seg     0x00000000400c0000 0x0000000000002000 xrw
rtc_data_seg     0x000000003ff80000 0x0000000000002000 rw
rtc_slow_seg     0x0000000050000000 0x0000000000001000 rw
extern_ram_seg   0x000000003f800000 0x0000000000400000 xrw
*default*        0x0000000000000000 0xffffffffffffffff

Linker script and memory map

START GROUP
LOAD /home/share/esp32/project/gpio/build/app_trace/libapp_trace.a
LOAD /home/share/esp32/project/gpio/build/app_update/libapp_update.a
LOAD /home/share/esp32/project/gpio/build/asio/libasio.a
LOAD /home/share/esp32/project/gpio/build/bootloader_support/libbootloader_support.a
LOAD /home/share/esp32/project/gpio/build/bt/libbt.a
LOAD /home/share/esp32/project/gpio/build/coap/libcoap.a
LOAD /home/share/esp32/project/gpio/build/console/libconsole.a
LOAD /home/share/esp32/project/gpio/build/cxx/libcxx.a
LOAD /home/share/esp32/project/gpio/build/driver/libdriver.a
LOAD /home/share/esp32/project/gpio/build/esp-tls/libesp-tls.a
LOAD /home/share/esp32/project/gpio/build/esp32/libesp32.a
LOAD /home/share/esp32/esp-idf/components/esp32/libhal.a
LOAD /home/share/esp32/esp-idf/components/esp32/lib/libcore.a
LOAD /home/share/esp32/esp-idf/components/esp32/lib/librtc.a
LOAD /home/share/esp32/esp-idf/components/esp32/lib/libnet80211.a
LOAD /home/share/esp32/esp-idf/components/esp32/lib/libpp.a
LOAD /home/share/esp32/esp-idf/components/esp32/lib/libwpa.a
LOAD /home/share/esp32/esp-idf/components/esp32/lib/libsmartconfig.a
LOAD /home/share/esp32/esp-idf/components/esp32/lib/libcoexist.a
LOAD /home/share/esp32/esp-idf/components/esp32/lib/libwps.a
LOAD /home/share/esp32/esp-idf/components/esp32/lib/libwpa2.a
LOAD /home/share/esp32/esp-idf/components/esp32/lib/libespnow.a
LOAD /home/share/esp32/esp-idf/components/esp32/lib/libphy.a
LOAD /home/share/esp32/esp-idf/components/esp32/lib/libmesh.a
LOAD /home/share/esp32/project/gpio/build/esp_adc_cal/libesp_adc_cal.a
LOAD /home/share/esp32/project/gpio/build/esp_event/libesp_event.a
LOAD /home/share/esp32/project/gpio/build/esp_http_client/libesp_http_client.a
LOAD /home/share/esp32/project/gpio/build/esp_http_server/libesp_http_server.a
LOAD /home/share/esp32/project/gpio/build/esp_https_ota/libesp_https_ota.a
LOAD /home/share/esp32/project/gpio/build/esp_ringbuf/libesp_ringbuf.a
LOAD /home/share/esp32/project/gpio/build/ethernet/libethernet.a
LOAD /home/share/esp32/project/gpio/build/expat/libexpat.a
LOAD /home/share/esp32/project/gpio/build/fatfs/libfatfs.a
LOAD /home/share/esp32/project/gpio/build/freemodbus/libfreemodbus.a
LOAD /home/share/esp32/project/gpio/build/freertos/libfreertos.a
LOAD /home/share/esp32/project/gpio/build/heap/libheap.a
LOAD /home/share/esp32/project/gpio/build/idf_test/libidf_test.a
LOAD /home/share/esp32/project/gpio/build/jsmn/libjsmn.a
LOAD /home/share/esp32/project/gpio/build/json/libjson.a
LOAD /home/share/esp32/project/gpio/build/libsodium/liblibsodium.a
LOAD /home/share/esp32/project/gpio/build/log/liblog.a
LOAD /home/share/esp32/project/gpio/build/lwip/liblwip.a
LOAD /home/share/esp32/project/gpio/build/main/libmain.a
LOAD /home/share/esp32/project/gpio/build/mbedtls/libmbedtls.a
LOAD /home/share/esp32/project/gpio/build/mdns/libmdns.a
LOAD /home/share/esp32/project/gpio/build/micro-ecc/libmicro-ecc.a
LOAD /home/share/esp32/project/gpio/build/mqtt/libmqtt.a
LOAD /home/share/esp32/esp-idf/components/newlib/lib/libc.a
LOAD /home/share/esp32/esp-idf/components/newlib/lib/libm.a
LOAD /home/share/esp32/project/gpio/build/newlib/libnewlib.a
LOAD /home/share/esp32/project/gpio/build/nghttp/libnghttp.a
LOAD /home/share/esp32/project/gpio/build/nvs_flash/libnvs_flash.a
LOAD /home/share/esp32/project/gpio/build/openssl/libopenssl.a
LOAD /home/share/esp32/project/gpio/build/protobuf-c/libprotobuf-c.a
LOAD /home/share/esp32/project/gpio/build/protocomm/libprotocomm.a
LOAD /home/share/esp32/project/gpio/build/pthread/libpthread.a
LOAD /home/share/esp32/project/gpio/build/sdmmc/libsdmmc.a
LOAD /home/share/esp32/project/gpio/build/smartconfig_ack/libsmartconfig_ack.a
LOAD /home/share/esp32/project/gpio/build/soc/libsoc.a
LOAD /home/share/esp32/project/gpio/build/spi_flash/libspi_flash.a
LOAD /home/share/esp32/project/gpio/build/spiffs/libspiffs.a
LOAD /home/share/esp32/project/gpio/build/tcp_transport/libtcp_transport.a
LOAD /home/share/esp32/project/gpio/build/tcpip_adapter/libtcpip_adapter.a
LOAD /home/share/esp32/project/gpio/build/ulp/libulp.a
LOAD /home/share/esp32/project/gpio/build/vfs/libvfs.a
LOAD /home/share/esp32/project/gpio/build/wear_levelling/libwear_levelling.a
LOAD /home/share/esp32/project/gpio/build/wifi_provisioning/libwifi_provisioning.a
LOAD /home/share/esp32/project/gpio/build/wpa_supplicant/libwpa_supplicant.a
LOAD /home/share/esp32/project/gpio/build/xtensa-debug-module/libxtensa-debug-module.a
LOAD /home/share/esp32/xtensa-esp32-elf/bin/../lib/gcc/xtensa-esp32-elf/5.2.0/libgcc.a
LOAD /home/share/esp32/xtensa-esp32-elf/bin/../lib/gcc/xtensa-esp32-elf/5.2.0/../../../../xtensa-esp32-elf/lib/libstdc++.a
LOAD /home/share/esp32/xtensa-esp32-elf/bin/../lib/gcc/xtensa-esp32-elf/5.2.0/libgcov.a
END GROUP
                0x0000000040000000                _heap_end = 0x40000000
                0x000000003ff80000                _data_seg_org = ORIGIN (rtc_data_seg)

.rtc.text       0x00000000400c0000        0x0
                0x00000000400c0000                . = ALIGN (0x4)
 *(.rtc.literal .rtc.text)
 *rtc_wake_stub*.*(.literal .text .literal.* .text.*)
                0x00000000400c0000                _rtc_text_end = ABSOLUTE (.)

.rtc.dummy      0x000000003ff80000        0x0
                0x000000003ff80000                _rtc_dummy_start = ABSOLUTE (.)
                0x000000003ff80000                _rtc_fast_start = ABSOLUTE (.)
                0x0000000000000000                . = SIZEOF (.rtc.text)
                0x0000000000000000                _rtc_dummy_end = ABSOLUTE (.)

.rtc.force_fast
                0x000000003ff80000        0x0
                0x000000003ff80000                . = ALIGN (0x4)
                0x000000003ff80000                _rtc_force_fast_start = ABSOLUTE (.)
 *(.rtc.force_fast .rtc.force_fast.*)
                0x000000003ff80000                . = ALIGN (0x4)
                0x000000003ff80000                _rtc_force_fast_end = ABSOLUTE (.)

.rtc.data       0x0000000050000000        0x0
                0x0000000050000000                _rtc_data_start = ABSOLUTE (.)
 *(.rtc.data)
 *(.rtc.rodata)
 *rtc_wake_stub*.*(.data .rodata .data.* .rodata.* .bss .bss.*)
                0x0000000050000000                _rtc_data_end = ABSOLUTE (.)

.rtc.bss        0x0000000050000000        0x0
                0x0000000050000000                _rtc_bss_start = ABSOLUTE (.)
 *rtc_wake_stub*.*(.bss .bss.*)
 *rtc_wake_stub*.*(COMMON)
 *(.rtc.bss)
                0x0000000050000000                _rtc_bss_end = ABSOLUTE (.)

.rtc_noinit     0x0000000050000000        0x0
                0x0000000050000000                . = ALIGN (0x4)
                0x0000000050000000                _rtc_noinit_start = ABSOLUTE (.)
 *(.rtc_noinit .rtc_noinit.*)
                0x0000000050000000                . = ALIGN (0x4)
                0x0000000050000000                _rtc_noinit_end = ABSOLUTE (.)

.rtc.force_slow
                0x0000000050000000        0x0
                0x0000000050000000                . = ALIGN (0x4)
                0x0000000050000000                _rtc_force_slow_start = ABSOLUTE (.)
 *(.rtc.force_slow .rtc.force_slow.*)
                0x0000000050000000                . = ALIGN (0x4)
                0x0000000050000000                _rtc_force_slow_end = ABSOLUTE (.)
                0x0000000000000000                _rtc_slow_length = (ORIGIN (rtc_slow_seg) == ORIGIN (rtc_data_location))?(_rtc_force_slow_end - _rtc_data_start):(_rtc_force_slow_end - _rtc_force_slow_start)
                0x0000000000000000                _rtc_fast_length = (ORIGIN (rtc_slow_seg) == ORIGIN (rtc_data_location))?(_rtc_force_fast_end - _rtc_fast_start):(_rtc_noinit_end - _rtc_fast_start)
                0x0000000000000001                ASSERT ((_rtc_slow_length <= 0x1000), RTC_SLOW segment data does not fit.)
                0x0000000000000001                ASSERT ((_rtc_fast_length <= 0x2000), RTC_FAST segment data does not fit.)

.iram0.vectors  0x0000000040080000      0x400
                0x0000000040080000                _iram_start = ABSOLUTE (.)
                0x0000000040080000                _init_start = ABSOLUTE (.)
                0x0000000000000000                . = 0x0
 *(.WindowVectors.text)
 .WindowVectors.text
                0x0000000040080000      0x16a /home/share/esp32/project/gpio/build/freertos/libfreertos.a(xtensa_vectors.o)
                0x0000000040080000                _WindowOverflow4
                0x0000000040080040                _WindowUnderflow4
                0x0000000040080050                _xt_alloca_exc
                0x0000000040080080                _WindowOverflow8
                0x00000000400800c0                _WindowUnderflow8
                0x0000000040080100                _WindowOverflow12
                0x0000000040080140                _WindowUnderflow12
                0x0000000000000180                . = 0x180
 *fill*         0x000000004008016a       0x16 
 *(.Level2InterruptVector.text)
 .Level2InterruptVector.text
                0x0000000040080180        0x6 /home/share/esp32/project/gpio/build/freertos/libfreertos.a(xtensa_vectors.o)
                0x0000000040080180                _Level2Vector
                0x00000000000001c0                . = 0x1c0
 *fill*         0x0000000040080186       0x3a 
 *(.Level3InterruptVector.text)
 .Level3InterruptVector.text
                0x00000000400801c0        0x6 /home/share/esp32/project/gpio/build/freertos/libfreertos.a(xtensa_vectors.o)
                0x00000000400801c0                _Level3Vector
                0x0000000000000200                . = 0x200
 *fill*         0x00000000400801c6       0x3a 
 *(.Level4InterruptVector.text)
 .Level4InterruptVector.text
                0x0000000040080200        0x6 /home/share/esp32/project/gpio/build/freertos/libfreertos.a(xtensa_vectors.o)
                0x0000000040080200                _Level4Vector
                0x0000000000000240                . = 0x240
 *fill*         0x0000000040080206       0x3a 
 *(.Level5InterruptVector.text)
 .Level5InterruptVector.text
                0x0000000040080240        0x6 /home/share/esp32/project/gpio/build/freertos/libfreertos.a(xtensa_vectors.o)
                0x0000000040080240                _Level5Vector
                0x0000000000000280                . = 0x280
 *fill*         0x0000000040080246       0x3a 
 *(.DebugExceptionVector.text)
 .DebugExceptionVector.text
                0x0000000040080280        0x6 /home/share/esp32/project/gpio/build/freertos/libfreertos.a(xtensa_vectors.o)
                0x0000000040080280                _DebugExceptionVector
                0x00000000000002c0                . = 0x2c0
 *fill*         0x0000000040080286       0x3a 
 *(.NMIExceptionVector.text)
 .NMIExceptionVector.text
                0x00000000400802c0        0x6 /home/share/esp32/project/gpio/build/freertos/libfreertos.a(xtensa_vectors.o)
                0x00000000400802c0                _NMIExceptionVector
                0x0000000000000300                . = 0x300
 *fill*         0x00000000400802c6       0x3a 
 *(.KernelExceptionVector.text)
 .KernelExceptionVector.text
                0x0000000040080300        0x6 /home/share/esp32/project/gpio/build/freertos/libfreertos.a(xtensa_vectors.o)
                0x0000000040080300                _KernelExceptionVector
                0x0000000000000340                . = 0x340
 *fill*         0x0000000040080306       0x3a 
 *(.UserExceptionVector.text)
 .UserExceptionVector.text
                0x0000000040080340        0x6 /home/share/esp32/project/gpio/build/freertos/libfreertos.a(xtensa_vectors.o)
                0x0000000040080340                _UserExceptionVector
                0x00000000000003c0                . = 0x3c0
 *fill*         0x0000000040080346       0x7a 
 *(.DoubleExceptionVector.text)
 .DoubleExceptionVector.text
                0x00000000400803c0        0xf /home/share/esp32/project/gpio/build/freertos/libfreertos.a(xtensa_vectors.o)
                0x00000000400803c0                _DoubleExceptionVector
                0x0000000000000400                . = 0x400
 *fill*         0x00000000400803cf       0x31 
 *(.*Vector.literal)
 *(.UserEnter.literal)
 *(.UserEnter.text)
                0x0000000040080400                . = ALIGN (0x10)
 *(.entry.text)
 *(.init.literal)
 *(.init)
                0x0000000040080400                _init_end = ABSOLUTE (.)

.iram0.text     0x0000000040080400     0x91a4
                0x0000000040080400                _iram_text_start = ABSOLUTE (.)
 *(.iram1 .iram1.*)
 .iram1.literal
                0x0000000040080400       0x4c /home/share/esp32/project/gpio/build/esp32/libesp32.a(system_api.o)
                                         0xb8 (size before relaxing)
 .iram1.literal
                0x000000004008044c       0xb4 /home/share/esp32/project/gpio/build/esp32/libesp32.a(cpu_start.o)
                                        0x1dc (size before relaxing)
 .iram1.literal
                0x0000000040080500        0xc /home/share/esp32/project/gpio/build/esp32/libesp32.a(clk.o)
                                         0x20 (size before relaxing)
 .iram1.literal
                0x000000004008050c       0x1c /home/share/esp32/project/gpio/build/esp32/libesp32.a(crosscore_int.o)
                                         0x40 (size before relaxing)
 .iram1.literal
                0x0000000040080528        0xc /home/share/esp32/project/gpio/build/esp32/libesp32.a(cache_err_int.o)
                                         0x18 (size before relaxing)
 .iram1.literal
                0x0000000040080534       0x20 /home/share/esp32/project/gpio/build/esp32/libesp32.a(intr_alloc.o)
                                         0x7c (size before relaxing)
 .iram1.literal
                0x0000000040080554       0x24 /home/share/esp32/project/gpio/build/esp32/libesp32.a(esp_timer.o)
                                         0x60 (size before relaxing)
 .iram1.literal
                0x0000000040080578       0x38 /home/share/esp32/project/gpio/build/esp32/libesp32.a(dport_access.o)
                                         0x88 (size before relaxing)
 .iram1.literal
                0x00000000400805b0       0x14 /home/share/esp32/project/gpio/build/esp32/libesp32.a(dport_panic_highint_hdl.o)
                                         0x28 (size before relaxing)
 .iram1.literal
                0x00000000400805c4        0x0 /home/share/esp32/project/gpio/build/esp32/libesp32.a(int_wdt.o)
                                          0xc (size before relaxing)
 .iram1.literal
                0x00000000400805c4       0x60 /home/share/esp32/project/gpio/build/esp32/libesp32.a(esp_timer_esp32.o)
                                         0xf8 (size before relaxing)
 .iram1.literal
                0x0000000040080624        0x4 /home/share/esp32/project/gpio/build/esp32/libesp32.a(freertos_hooks.o)
 .iram1.literal
                0x0000000040080628       0x20 /home/share/esp32/project/gpio/build/esp32/libesp32.a(ipc.o)
                                         0x34 (size before relaxing)
 .iram1.literal
                0x0000000040080648        0x4 /home/share/esp32/project/gpio/build/freertos/libfreertos.a(port.o)
 .iram1.literal
                0x000000004008064c       0x44 /home/share/esp32/project/gpio/build/freertos/libfreertos.a(xtensa_vectors.o)
                                         0x68 (size before relaxing)
 .iram1.literal
                0x0000000040080690       0x58 /home/share/esp32/project/gpio/build/heap/libheap.a(heap_caps.o)
                                         0xb0 (size before relaxing)
 .iram1.literal
                0x00000000400806e8       0x24 /home/share/esp32/project/gpio/build/log/liblog.a(log.o)
                                         0x48 (size before relaxing)
 .iram1.literal
                0x000000004008070c        0x4 /home/share/esp32/project/gpio/build/main/libmain.a(gpio_example_main.o)
                                          0x8 (size before relaxing)
 .iram1.literal
                0x0000000040080710        0x4 /home/share/esp32/project/gpio/build/newlib/libnewlib.a(time.o)
                                         0x1c (size before relaxing)
 .iram1.literal
                0x0000000040080714        0x8 /home/share/esp32/project/gpio/build/newlib/libnewlib.a(reent_init.o)
                                         0x10 (size before relaxing)
 .iram1.literal
                0x000000004008071c        0x4 /home/share/esp32/project/gpio/build/newlib/libnewlib.a(syscalls.o)
                                         0x14 (size before relaxing)
 .iram1.literal
                0x0000000040080720       0x14 /home/share/esp32/project/gpio/build/newlib/libnewlib.a(locks.o)
                                         0x90 (size before relaxing)
 .iram1.literal
                0x0000000040080734       0x1c /home/share/esp32/project/gpio/build/soc/libsoc.a(cpu_util.o)
                                         0x30 (size before relaxing)
 .iram1.literal
                0x0000000040080750       0x50 /home/share/esp32/project/gpio/build/spi_flash/libspi_flash.a(cache_utils.o)
                                        0x120 (size before relaxing)
 .iram1.literal
                0x00000000400807a0       0x38 /home/share/esp32/project/gpio/build/spi_flash/libspi_flash.a(flash_ops.o)
                                         0xe4 (size before relaxing)
 .iram1.literal
                0x00000000400807d8       0x50 /home/share/esp32/project/gpio/build/spi_flash/libspi_flash.a(flash_mmap.o)
                                        0x170 (size before relaxing)
 .iram1.literal
                0x0000000040080828        0x8 /home/share/esp32/project/gpio/build/driver/libdriver.a(gpio.o)
 .literal.prvGetFreeSize
                0x0000000040080830        0xc /home/share/esp32/project/gpio/build/esp_ringbuf/libesp_ringbuf.a(ringbuf.o)
                                         0x14 (size before relaxing)
 .literal.prvReceiveGeneric
                0x000000004008083c        0x4 /home/share/esp32/project/gpio/build/esp_ringbuf/libesp_ringbuf.a(ringbuf.o)
                                         0x3c (size before relaxing)
 .literal.xRingbufferSend
                0x0000000040080840        0x4 /home/share/esp32/project/gpio/build/esp_ringbuf/libesp_ringbuf.a(ringbuf.o)
                                         0x40 (size before relaxing)
 .literal.xRingbufferReceive
                0x0000000040080844        0x4 /home/share/esp32/project/gpio/build/esp_ringbuf/libesp_ringbuf.a(ringbuf.o)
                                         0x18 (size before relaxing)
 .literal.vRingbufferReturnItem
                0x0000000040080848        0x4 /home/share/esp32/project/gpio/build/esp_ringbuf/libesp_ringbuf.a(ringbuf.o)
                                         0x28 (size before relaxing)
 .literal.xt_unhandled_interrupt
                0x000000004008084c        0x4 /home/share/esp32/project/gpio/build/freertos/libfreertos.a(xtensa_intr.o)
                                          0x8 (size before relaxing)
 .literal.xt_set_interrupt_handler
                0x0000000040080850        0x8 /home/share/esp32/project/gpio/build/freertos/libfreertos.a(xtensa_intr.o)
                                          0xc (size before relaxing)
 .literal.prvIsQueueFull
                0x0000000040080858        0x0 /home/share/esp32/project/gpio/build/freertos/libfreertos.a(queue.o)
                                          0x8 (size before relaxing)
 .literal.prvCopyDataToQueue
                0x0000000040080858        0x0 /home/share/esp32/project/gpio/build/freertos/libfreertos.a(queue.o)
                                          0xc (size before relaxing)
 .literal.prvNotifyQueueSetContainer
                0x0000000040080858       0x14 /home/share/esp32/project/gpio/build/freertos/libfreertos.a(queue.o)
                                         0x34 (size before relaxing)
 .literal.prvCopyDataFromQueue
                0x000000004008086c        0x0 /home/share/esp32/project/gpio/build/freertos/libfreertos.a(queue.o)
                                          0x4 (size before relaxing)
 .literal.xQueueGenericReset
                0x000000004008086c        0x4 /home/share/esp32/project/gpio/build/freertos/libfreertos.a(queue.o)
                                         0x30 (size before relaxing)
 .literal.prvInitialiseNewQueue
                0x0000000040080870        0x0 /home/share/esp32/project/gpio/build/freertos/libfreertos.a(queue.o)
                                          0x4 (size before relaxing)
 .literal.xQueueGenericCreate
                0x0000000040080870        0x4 /home/share/esp32/project/gpio/build/freertos/libfreertos.a(queue.o)
                                         0x1c (size before relaxing)
 .literal.xQueueGetMutexHolder
                0x0000000040080874        0x0 /home/share/esp32/project/gpio/build/freertos/libfreertos.a(queue.o)
                                          0x8 (size before relaxing)
 .literal.xQueueCreateCountingSemaphore
                0x0000000040080874        0x4 /home/share/esp32/project/gpio/build/freertos/libfreertos.a(queue.o)
                                         0x28 (size before relaxing)
 .literal.xQueueGenericSend
                0x0000000040080878        0x4 /home/share/esp32/project/gpio/build/freertos/libfreertos.a(queue.o)
                                         0x7c (size before relaxing)
 .literal.prvInitialiseMutex
                0x000000004008087c        0x0 /home/share/esp32/project/gpio/build/freertos/libfreertos.a(queue.o)
                                          0x8 (size before relaxing)
 .literal.xQueueCreateMutex
                0x000000004008087c        0x0 /home/share/esp32/project/gpio/build/freertos/libfreertos.a(queue.o)
                                          0x8 (size before relaxing)
 .literal.xQueueGiveMutexRecursive
                0x000000004008087c        0x4 /home/share/esp32/project/gpio/build/freertos/libfreertos.a(queue.o)
                                         0x1c (size before relaxing)
 .literal.xQueueGenericSendFromISR
                0x0000000040080880        0x4 /home/share/esp32/project/gpio/build/freertos/libfreertos.a(queue.o)
                                         0x3c (size before relaxing)
 .literal.xQueueGiveFromISR
                0x0000000040080884        0x4 /home/share/esp32/project/gpio/build/freertos/libfreertos.a(queue.o)
                                         0x30 (size before relaxing)
 .literal.xQueueGenericReceive
                0x0000000040080888        0x4 /home/share/esp32/project/gpio/build/freertos/libfreertos.a(queue.o)
                                         0x78 (size before relaxing)
 .literal.xQueueTakeMutexRecursive
                0x000000004008088c        0x4 /home/share/esp32/project/gpio/build/freertos/libfreertos.a(queue.o)
                                         0x1c (size before relaxing)
 .literal.xQueueReceiveFromISR
                0x0000000040080890        0x4 /home/share/esp32/project/gpio/build/freertos/libfreertos.a(queue.o)
                                         0x30 (size before relaxing)
 .literal.vQueueDelete
                0x0000000040080894        0x4 /home/share/esp32/project/gpio/build/freertos/libfreertos.a(queue.o)
                                         0x18 (size before relaxing)
 .literal.vQueueWaitForMessageRestricted
                0x0000000040080898        0x0 /home/share/esp32/project/gpio/build/freertos/libfreertos.a(queue.o)
                                          0xc (size before relaxing)
 .literal._xt_tick_divisor_init
                0x0000000040080898        0x8 /home/share/esp32/project/gpio/build/freertos/libfreertos.a(xtensa_init.o)
                                          0xc (size before relaxing)
 .literal.vPortTaskWrapper
                0x00000000400808a0        0x8 /home/share/esp32/project/gpio/build/freertos/libfreertos.a(port.o)
                                         0x18 (size before relaxing)
 .literal.pxPortInitialiseStack
                0x00000000400808a8       0x14 /home/share/esp32/project/gpio/build/freertos/libfreertos.a(port.o)
                                         0x1c (size before relaxing)
 .literal.xPortStartScheduler
                0x00000000400808bc        0x0 /home/share/esp32/project/gpio/build/freertos/libfreertos.a(port.o)
                                         0x14 (size before relaxing)
 .literal.xPortSysTickHandler
                0x00000000400808bc        0x0 /home/share/esp32/project/gpio/build/freertos/libfreertos.a(port.o)
                                          0x8 (size before relaxing)
 .literal.vPortYieldOtherCore
                0x00000000400808bc        0x0 /home/share/esp32/project/gpio/build/freertos/libfreertos.a(port.o)
                                          0x4 (size before relaxing)
 .literal.vPortReleaseTaskMPUSettings
                0x00000000400808bc        0x0 /home/share/esp32/project/gpio/build/freertos/libfreertos.a(port.o)
                                          0x4 (size before relaxing)
 .literal.xPortInIsrContext
                0x00000000400808bc        0x0 /home/share/esp32/project/gpio/build/freertos/libfreertos.a(port.o)
                                          0x8 (size before relaxing)
 .literal.vPortCPUInitializeMutex
                0x00000000400808bc        0x4 /home/share/esp32/project/gpio/build/freertos/libfreertos.a(port.o)
 .literal.vPortCPUAcquireMutex
                0x00000000400808c0       0x1c /home/share/esp32/project/gpio/build/freertos/libfreertos.a(port.o)
                                         0x30 (size before relaxing)
 .literal.vPortCPUReleaseMutex
                0x00000000400808dc        0xc /home/share/esp32/project/gpio/build/freertos/libfreertos.a(port.o)
                                         0x20 (size before relaxing)
 .literal.prvResetNextTaskUnblockTime
                0x00000000400808e8        0x8 /home/share/esp32/project/gpio/build/freertos/libfreertos.a(tasks.o)
 .literal.prvDeleteTLS
                0x00000000400808f0       0x10 /home/share/esp32/project/gpio/build/freertos/libfreertos.a(tasks.o)
                                         0x18 (size before relaxing)
 .literal.prvInitialiseNewTask
                0x0000000040080900        0x0 /home/share/esp32/project/gpio/build/freertos/libfreertos.a(tasks.o)
                                         0x18 (size before relaxing)
 .literal.prvInitialiseTaskLists
                0x0000000040080900       0x20 /home/share/esp32/project/gpio/build/freertos/libfreertos.a(tasks.o)
                                         0x40 (size before relaxing)
 .literal.prvDeleteTCB
                0x0000000040080920        0x8 /home/share/esp32/project/gpio/build/freertos/libfreertos.a(tasks.o)
                                         0x2c (size before relaxing)
 .literal.prvAddCurrentTaskToDelayedList
                0x0000000040080928        0x4 /home/share/esp32/project/gpio/build/freertos/libfreertos.a(tasks.o)
                                         0x1c (size before relaxing)
 .literal.taskYIELD_OTHER_CORE
                0x000000004008092c        0x0 /home/share/esp32/project/gpio/build/freertos/libfreertos.a(tasks.o)
                                         0x10 (size before relaxing)
 .literal.vTaskSuspendAll
                0x000000004008092c        0x4 /home/share/esp32/project/gpio/build/freertos/libfreertos.a(tasks.o)
                                          0x8 (size before relaxing)
 .literal.xTaskGetTickCount
                0x0000000040080930        0x0 /home/share/esp32/project/gpio/build/freertos/libfreertos.a(tasks.o)
                                          0x4 (size before relaxing)
 .literal.xTaskGetIdleTaskHandleForCPU
                0x0000000040080930        0xc /home/share/esp32/project/gpio/build/freertos/libfreertos.a(tasks.o)
                                         0x1c (size before relaxing)
 .literal.vTaskSwitchContext
                0x000000004008093c       0x18 /home/share/esp32/project/gpio/build/freertos/libfreertos.a(tasks.o)
                                         0x3c (size before relaxing)
 .literal.vTaskSetTimeOutState
                0x0000000040080954        0xc /home/share/esp32/project/gpio/build/freertos/libfreertos.a(tasks.o)
                                         0x20 (size before relaxing)
 .literal.xTaskGetCurrentTaskHandle
                0x0000000040080960        0x0 /home/share/esp32/project/gpio/build/freertos/libfreertos.a(tasks.o)
                                          0x8 (size before relaxing)
 .literal.__getreent
                0x0000000040080960        0x0 /home/share/esp32/project/gpio/build/freertos/libfreertos.a(tasks.o)
                                          0x8 (size before relaxing)
 .literal.pcTaskGetTaskName
                0x0000000040080960        0x8 /home/share/esp32/project/gpio/build/freertos/libfreertos.a(tasks.o)
                                         0x1c (size before relaxing)
 .literal.xTaskGetAffinity
                0x0000000040080968        0x0 /home/share/esp32/project/gpio/build/freertos/libfreertos.a(tasks.o)
                                          0x4 (size before relaxing)
 .literal.xTaskGetCurrentTaskHandleForCPU
                0x0000000040080968        0x0 /home/share/esp32/project/gpio/build/freertos/libfreertos.a(tasks.o)
                                          0x4 (size before relaxing)
 .literal.xTaskGetSchedulerState
                0x0000000040080968        0x4 /home/share/esp32/project/gpio/build/freertos/libfreertos.a(tasks.o)
                                          0xc (size before relaxing)
 .literal.vTaskEnterCritical
                0x000000004008096c       0x14 /home/share/esp32/project/gpio/build/freertos/libfreertos.a(tasks.o)
                                         0x34 (size before relaxing)
 .literal.vTaskExitCritical
                0x0000000040080980        0xc /home/share/esp32/project/gpio/build/freertos/libfreertos.a(tasks.o)
                                         0x28 (size before relaxing)
 .literal.prvAddNewTaskToReadyList
                0x000000004008098c       0x10 /home/share/esp32/project/gpio/build/freertos/libfreertos.a(tasks.o)
                                         0x58 (size before relaxing)
 .literal.xTaskCreatePinnedToCore
                0x000000004008099c        0x0 /home/share/esp32/project/gpio/build/freertos/libfreertos.a(tasks.o)
                                         0x18 (size before relaxing)
 .literal.vTaskStartScheduler
                0x000000004008099c       0x10 /home/share/esp32/project/gpio/build/freertos/libfreertos.a(tasks.o)
                                         0x3c (size before relaxing)
 .literal.vTaskDelete
                0x00000000400809ac        0x8 /home/share/esp32/project/gpio/build/freertos/libfreertos.a(tasks.o)
                                         0x60 (size before relaxing)
 .literal.vTaskDelay
                0x00000000400809b4        0x4 /home/share/esp32/project/gpio/build/freertos/libfreertos.a(tasks.o)
                                         0x38 (size before relaxing)
 .literal.uxTaskPriorityGet
                0x00000000400809b8        0x0 /home/share/esp32/project/gpio/build/freertos/libfreertos.a(tasks.o)
                                         0x10 (size before relaxing)
 .literal.vTaskPrioritySet
                0x00000000400809b8        0x4 /home/share/esp32/project/gpio/build/freertos/libfreertos.a(tasks.o)
                                         0x44 (size before relaxing)
 .literal.prvCheckTasksWaitingTermination
                0x00000000400809bc        0x8 /home/share/esp32/project/gpio/build/freertos/libfreertos.a(tasks.o)
                                         0x30 (size before relaxing)
 .literal.prvIdleTask
                0x00000000400809c4        0x0 /home/share/esp32/project/gpio/build/freertos/libfreertos.a(tasks.o)
                                          0x8 (size before relaxing)
 .literal.xTaskIncrementTick
                0x00000000400809c4        0xc /home/share/esp32/project/gpio/build/freertos/libfreertos.a(tasks.o)
                                         0x6c (size before relaxing)
 .literal.xTaskResumeAll
                0x00000000400809d0        0x8 /home/share/esp32/project/gpio/build/freertos/libfreertos.a(tasks.o)
                                         0x5c (size before relaxing)
 .literal.vTaskPlaceOnEventList
                0x00000000400809d8        0x8 /home/share/esp32/project/gpio/build/freertos/libfreertos.a(tasks.o)
                                         0x40 (size before relaxing)
 .literal.vTaskPlaceOnEventListRestricted
                0x00000000400809e0        0x8 /home/share/esp32/project/gpio/build/freertos/libfreertos.a(tasks.o)
                                         0x38 (size before relaxing)
 .literal.xTaskRemoveFromEventList
                0x00000000400809e8        0x8 /home/share/esp32/project/gpio/build/freertos/libfreertos.a(tasks.o)
                                         0x58 (size before relaxing)
 .literal.xTaskCheckForTimeOut
                0x00000000400809f0        0xc /home/share/esp32/project/gpio/build/freertos/libfreertos.a(tasks.o)
                                         0x3c (size before relaxing)
 .literal.vTaskPriorityInherit
                0x00000000400809fc        0x0 /home/share/esp32/project/gpio/build/freertos/libfreertos.a(tasks.o)
                                         0x28 (size before relaxing)
 .literal.xTaskPriorityDisinherit
                0x00000000400809fc        0x8 /home/share/esp32/project/gpio/build/freertos/libfreertos.a(tasks.o)
                                         0x3c (size before relaxing)
 .literal.pvTaskIncrementMutexHeldCount
                0x0000000040080a04        0x0 /home/share/esp32/project/gpio/build/freertos/libfreertos.a(tasks.o)
                                         0x10 (size before relaxing)
 .literal.prvGetNextExpireTime
                0x0000000040080a04        0x4 /home/share/esp32/project/gpio/build/freertos/libfreertos.a(timers.o)
 .literal.prvInsertTimerInActiveList
                0x0000000040080a08        0x4 /home/share/esp32/project/gpio/build/freertos/libfreertos.a(timers.o)
                                         0x10 (size before relaxing)
 .literal.prvCheckForValidListAndQueue
                0x0000000040080a0c       0x1c /home/share/esp32/project/gpio/build/freertos/libfreertos.a(timers.o)
                                         0x44 (size before relaxing)
 .literal.xTimerCreateTimerTask
                0x0000000040080a28        0xc /home/share/esp32/project/gpio/build/freertos/libfreertos.a(timers.o)
                                         0x2c (size before relaxing)
 .literal.xTimerGenericCommand
                0x0000000040080a34        0x0 /home/share/esp32/project/gpio/build/freertos/libfreertos.a(timers.o)
                                         0x14 (size before relaxing)
 .literal.prvSwitchTimerLists
                0x0000000040080a34        0x4 /home/share/esp32/project/gpio/build/freertos/libfreertos.a(timers.o)
                                         0x28 (size before relaxing)
 .literal.prvSampleTimeNow
                0x0000000040080a38        0x4 /home/share/esp32/project/gpio/build/freertos/libfreertos.a(timers.o)
                                          0xc (size before relaxing)
 .literal.prvProcessExpiredTimer
                0x0000000040080a3c        0x4 /home/share/esp32/project/gpio/build/freertos/libfreertos.a(timers.o)
                                         0x24 (size before relaxing)
 .literal.prvProcessTimerOrBlockTask
                0x0000000040080a40        0x0 /home/share/esp32/project/gpio/build/freertos/libfreertos.a(timers.o)
                                         0x24 (size before relaxing)
 .literal.prvProcessReceivedCommands
                0x0000000040080a40        0x8 /home/share/esp32/project/gpio/build/freertos/libfreertos.a(timers.o)
                                         0x40 (size before relaxing)
 .literal.prvTimerTask
                0x0000000040080a48        0x0 /home/share/esp32/project/gpio/build/freertos/libfreertos.a(timers.o)
                                          0xc (size before relaxing)
 .literal       0x0000000040080a48        0x0 /home/share/esp32/project/gpio/build/freertos/libfreertos.a(xtensa_context.o)
                                         0x10 (size before relaxing)
 .literal       0x0000000040080a48        0xc /home/share/esp32/project/gpio/build/freertos/libfreertos.a(portasm.o)
                                         0x54 (size before relaxing)
 .literal.get_prev_free_block
                0x0000000040080a54       0x10 /home/share/esp32/project/gpio/build/heap/libheap.a(multi_heap.o)
                                         0x28 (size before relaxing)
 .literal.split_if_necessary
                0x0000000040080a64       0x10 /home/share/esp32/project/gpio/build/heap/libheap.a(multi_heap.o)
                                         0x50 (size before relaxing)
 .literal.assert_valid_block
                0x0000000040080a74        0x0 /home/share/esp32/project/gpio/build/heap/libheap.a(multi_heap.o)
                                         0x2c (size before relaxing)
 .literal.merge_adjacent
                0x0000000040080a74        0x8 /home/share/esp32/project/gpio/build/heap/libheap.a(multi_heap.o)
                                         0x4c (size before relaxing)
 .literal.multi_heap_get_allocated_size_impl
                0x0000000040080a7c        0x0 /home/share/esp32/project/gpio/build/heap/libheap.a(multi_heap.o)
                                         0x10 (size before relaxing)
 .literal.multi_heap_malloc_impl
                0x0000000040080a7c        0x0 /home/share/esp32/project/gpio/build/heap/libheap.a(multi_heap.o)
                                         0x28 (size before relaxing)
 .literal.multi_heap_free_impl
                0x0000000040080a7c        0x0 /home/share/esp32/project/gpio/build/heap/libheap.a(multi_heap.o)
                                         0x50 (size before relaxing)
 .literal.multi_heap_realloc_impl
                0x0000000040080a7c        0x8 /home/share/esp32/project/gpio/build/heap/libheap.a(multi_heap.o)
                                         0x68 (size before relaxing)
 .literal.panicPutChar
                0x0000000040080a84        0x4 /home/share/esp32/project/gpio/build/esp32/libesp32.a(panic.o)
                                          0x8 (size before relaxing)
 .literal.panicPutStr
                0x0000000040080a88        0x0 /home/share/esp32/project/gpio/build/esp32/libesp32.a(panic.o)
                                          0x4 (size before relaxing)
 .literal.panicPutHex
                0x0000000040080a88        0x0 /home/share/esp32/project/gpio/build/esp32/libesp32.a(panic.o)
                                          0x8 (size before relaxing)
 .literal.panicPutDec
                0x0000000040080a88        0x4 /home/share/esp32/project/gpio/build/esp32/libesp32.a(panic.o)
                                         0x10 (size before relaxing)
 .literal.illegal_instruction_helper
                0x0000000040080a8c       0x18 /home/share/esp32/project/gpio/build/esp32/libesp32.a(panic.o)
                                         0x3c (size before relaxing)
 .literal.reconfigureAllWdts
                0x0000000040080aa4       0x10 /home/share/esp32/project/gpio/build/esp32/libesp32.a(panic.o)
                                         0x24 (size before relaxing)
 .literal.putEntry
                0x0000000040080ab4        0xc /home/share/esp32/project/gpio/build/esp32/libesp32.a(panic.o)
                                         0x20 (size before relaxing)
 .literal.doBacktrace
                0x0000000040080ac0       0x10 /home/share/esp32/project/gpio/build/esp32/libesp32.a(panic.o)
                                         0x24 (size before relaxing)
 .literal.invoke_abort
                0x0000000040080ad0        0x4 /home/share/esp32/project/gpio/build/esp32/libesp32.a(panic.o)
                                          0x8 (size before relaxing)
 .literal.haltOtherCore
                0x0000000040080ad4        0x0 /home/share/esp32/project/gpio/build/esp32/libesp32.a(panic.o)
                                          0x4 (size before relaxing)
 .literal.commonErrorHandler_dump
                0x0000000040080ad4       0x2c /home/share/esp32/project/gpio/build/esp32/libesp32.a(panic.o)
                                         0x90 (size before relaxing)
 .literal.esp_panic_dig_reset
                0x0000000040080b00        0x0 /home/share/esp32/project/gpio/build/esp32/libesp32.a(panic.o)
                                         0x18 (size before relaxing)
 .literal.commonErrorHandler
                0x0000000040080b00        0x8 /home/share/esp32/project/gpio/build/esp32/libesp32.a(panic.o)
                                         0x4c (size before relaxing)
 .literal.esp_error_check_failed_print
                0x0000000040080b08       0x14 /home/share/esp32/project/gpio/build/esp32/libesp32.a(panic.o)
                                         0x2c (size before relaxing)
 .literal.abort
                0x0000000040080b1c        0x8 /home/share/esp32/project/gpio/build/esp32/libesp32.a(panic.o)
                                         0x18 (size before relaxing)
 .literal.vApplicationStackOverflowHook
                0x0000000040080b24        0x8 /home/share/esp32/project/gpio/build/esp32/libesp32.a(panic.o)
                                         0x18 (size before relaxing)
 .literal.panicHandler
                0x0000000040080b2c       0x34 /home/share/esp32/project/gpio/build/esp32/libesp32.a(panic.o)
                                         0xa8 (size before relaxing)
 .literal.xt_unhandled_exception
                0x0000000040080b60       0x18 /home/share/esp32/project/gpio/build/esp32/libesp32.a(panic.o)
                                         0x68 (size before relaxing)
 .literal._esp_error_check_failed
                0x0000000040080b78        0x4 /home/share/esp32/project/gpio/build/esp32/libesp32.a(panic.o)
                                          0xc (size before relaxing)
 .literal.rtc_wdt_get_protect_status
                0x0000000040080b7c        0x8 /home/share/esp32/project/gpio/build/soc/libsoc.a(rtc_wdt.o)
 .literal.rtc_wdt_protect_off
                0x0000000040080b84        0x0 /home/share/esp32/project/gpio/build/soc/libsoc.a(rtc_wdt.o)
                                          0x8 (size before relaxing)
 .literal.rtc_wdt_protect_on
                0x0000000040080b84        0x0 /home/share/esp32/project/gpio/build/soc/libsoc.a(rtc_wdt.o)
                                          0x4 (size before relaxing)
 .literal.rtc_wdt_enable
                0x0000000040080b84        0xc /home/share/esp32/project/gpio/build/soc/libsoc.a(rtc_wdt.o)
                                         0x10 (size before relaxing)
 .literal.rtc_wdt_feed
                0x0000000040080b90        0x0 /home/share/esp32/project/gpio/build/soc/libsoc.a(rtc_wdt.o)
                                         0x14 (size before relaxing)
 .literal.rtc_wdt_set_time
                0x0000000040080b90       0x14 /home/share/esp32/project/gpio/build/soc/libsoc.a(rtc_wdt.o)
                                         0x20 (size before relaxing)
 .literal.rtc_wdt_set_stage
                0x0000000040080ba4       0x10 /home/share/esp32/project/gpio/build/soc/libsoc.a(rtc_wdt.o)
                                         0x14 (size before relaxing)
 .literal.rtc_wdt_disable
                0x0000000040080bb4        0x0 /home/share/esp32/project/gpio/build/soc/libsoc.a(rtc_wdt.o)
                                         0x2c (size before relaxing)
 .literal.rtc_wdt_set_length_of_reset_signal
                0x0000000040080bb4        0x8 /home/share/esp32/project/gpio/build/soc/libsoc.a(rtc_wdt.o)
                                          0xc (size before relaxing)
 .literal.rtc_wdt_is_on
                0x0000000040080bbc        0x0 /home/share/esp32/project/gpio/build/soc/libsoc.a(rtc_wdt.o)
                                          0x4 (size before relaxing)
 .literal.rtc_init
                0x0000000040080bbc       0x90 /home/share/esp32/project/gpio/build/soc/libsoc.a(rtc_init.o)
                                         0xdc (size before relaxing)
 .literal.rtc_clk_cal_internal
                0x0000000040080c4c       0x38 /home/share/esp32/project/gpio/build/soc/libsoc.a(rtc_time.o)
                                         0x68 (size before relaxing)
 .literal.rtc_clk_cal
                0x0000000040080c84        0x0 /home/share/esp32/project/gpio/build/soc/libsoc.a(rtc_time.o)
                                          0xc (size before relaxing)
 .literal.rtc_time_get
                0x0000000040080c84       0x10 /home/share/esp32/project/gpio/build/soc/libsoc.a(rtc_time.o)
                                         0x18 (size before relaxing)
 .literal.rtc_clk_wait_for_slow_cycle
                0x0000000040080c94        0x8 /home/share/esp32/project/gpio/build/soc/libsoc.a(rtc_time.o)
                                         0x20 (size before relaxing)
 .literal.rtc_clk_32k_enable_common
                0x0000000040080c9c       0x14 /home/share/esp32/project/gpio/build/soc/libsoc.a(rtc_clk.o)
 .literal.rtc_clk_bbpll_disable
                0x0000000040080cb0        0x8 /home/share/esp32/project/gpio/build/soc/libsoc.a(rtc_clk.o)
                                         0x10 (size before relaxing)
 .literal.rtc_clk_bbpll_enable
                0x0000000040080cb8        0x8 /home/share/esp32/project/gpio/build/soc/libsoc.a(rtc_clk.o)
                                         0x1c (size before relaxing)
 .literal.rtc_clk_32k_enable
                0x0000000040080cc0        0x0 /home/share/esp32/project/gpio/build/soc/libsoc.a(rtc_clk.o)
                                          0xc (size before relaxing)
 .literal.rtc_clk_32k_enable_external
                0x0000000040080cc0        0x0 /home/share/esp32/project/gpio/build/soc/libsoc.a(rtc_clk.o)
                                          0x4 (size before relaxing)
 .literal.rtc_clk_8m_enable
                0x0000000040080cc0        0x0 /home/share/esp32/project/gpio/build/soc/libsoc.a(rtc_clk.o)
                                         0x10 (size before relaxing)
 .literal.rtc_clk_slow_freq_set
                0x0000000040080cc0        0x0 /home/share/esp32/project/gpio/build/soc/libsoc.a(rtc_clk.o)
                                          0xc (size before relaxing)
 .literal.rtc_clk_slow_freq_get
                0x0000000040080cc0        0x0 /home/share/esp32/project/gpio/build/soc/libsoc.a(rtc_clk.o)
                                          0x4 (size before relaxing)
 .literal.rtc_clk_slow_freq_get_hz
                0x0000000040080cc0        0x0 /home/share/esp32/project/gpio/build/soc/libsoc.a(rtc_clk.o)
                                         0x10 (size before relaxing)
 .literal.rtc_clk_fast_freq_set
                0x0000000040080cc0        0x0 /home/share/esp32/project/gpio/build/soc/libsoc.a(rtc_clk.o)
                                          0xc (size before relaxing)
 .literal.rtc_clk_bbpll_configure
                0x0000000040080cc0        0x4 /home/share/esp32/project/gpio/build/soc/libsoc.a(rtc_clk.o)
                                         0x3c (size before relaxing)
 .literal.rtc_clk_xtal_freq_get
                0x0000000040080cc4        0x8 /home/share/esp32/project/gpio/build/soc/libsoc.a(rtc_clk.o)
 .literal.rtc_clk_cpu_freq_mhz_to_config
                0x0000000040080ccc        0x0 /home/share/esp32/project/gpio/build/soc/libsoc.a(rtc_clk.o)
                                          0x4 (size before relaxing)
 .literal.rtc_clk_cpu_freq_get_config
                0x0000000040080ccc       0x10 /home/share/esp32/project/gpio/build/soc/libsoc.a(rtc_clk.o)
                                         0x34 (size before relaxing)
 .literal.rtc_clk_apb_freq_update
                0x0000000040080cdc        0x4 /home/share/esp32/project/gpio/build/soc/libsoc.a(rtc_clk.o)
 .literal.rtc_clk_cpu_freq_to_xtal
                0x0000000040080ce0        0xc /home/share/esp32/project/gpio/build/soc/libsoc.a(rtc_clk.o)
                                         0x34 (size before relaxing)
 .literal.rtc_clk_cpu_freq_set_xtal
                0x0000000040080cec        0x0 /home/share/esp32/project/gpio/build/soc/libsoc.a(rtc_clk.o)
                                         0x10 (size before relaxing)
 .literal.rtc_clk_cpu_freq_to_pll_mhz
                0x0000000040080cec        0x8 /home/share/esp32/project/gpio/build/soc/libsoc.a(rtc_clk.o)
                                         0x3c (size before relaxing)
 .literal.rtc_clk_cpu_freq_to_8m
                0x0000000040080cf4        0x4 /home/share/esp32/project/gpio/build/soc/libsoc.a(rtc_clk.o)
                                         0x2c (size before relaxing)
 .literal.rtc_clk_cpu_freq_set_config
                0x0000000040080cf8        0x0 /home/share/esp32/project/gpio/build/soc/libsoc.a(rtc_clk.o)
                                         0x30 (size before relaxing)
 .literal.rtc_clk_apb_freq_get
                0x0000000040080cf8        0x4 /home/share/esp32/project/gpio/build/soc/libsoc.a(rtc_clk.o)
                                         0x10 (size before relaxing)
 .literal       0x0000000040080cfc        0x0 /home/share/esp32/esp-idf/components/esp32/libhal.a(windowspill_asm.o)
                                          0x4 (size before relaxing)
 .literal.esp_rom_spiflash_read_status
                0x0000000040080cfc       0x10 /home/share/esp32/project/gpio/build/spi_flash/libspi_flash.a(spi_flash_rom_patch.o)
                                         0x14 (size before relaxing)
 .literal.esp_rom_spiflash_wait_idle
                0x0000000040080d0c        0x8 /home/share/esp32/project/gpio/build/spi_flash/libspi_flash.a(spi_flash_rom_patch.o)
                                          0xc (size before relaxing)
 .literal.esp_rom_spiflash_erase_block_internal
                0x0000000040080d14        0x4 /home/share/esp32/project/gpio/build/spi_flash/libspi_flash.a(spi_flash_rom_patch.o)
                                         0x18 (size before relaxing)
 .literal.esp_rom_spiflash_erase_sector_internal
                0x0000000040080d18        0x0 /home/share/esp32/project/gpio/build/spi_flash/libspi_flash.a(spi_flash_rom_patch.o)
                                         0x18 (size before relaxing)
 .literal.esp_rom_spiflash_read_data
                0x0000000040080d18       0x1c /home/share/esp32/project/gpio/build/spi_flash/libspi_flash.a(spi_flash_rom_patch.o)
                                         0x34 (size before relaxing)
 .literal.esp_rom_spiflash_enable_write
                0x0000000040080d34        0x0 /home/share/esp32/project/gpio/build/spi_flash/libspi_flash.a(spi_flash_rom_patch.o)
                                         0x10 (size before relaxing)
 .literal.esp_rom_spiflash_program_page_internal
                0x0000000040080d34       0x10 /home/share/esp32/project/gpio/build/spi_flash/libspi_flash.a(spi_flash_rom_patch.o)
                                         0x40 (size before relaxing)
 .literal.esp_rom_spiflash_read_statushigh
                0x0000000040080d44        0x4 /home/share/esp32/project/gpio/build/spi_flash/libspi_flash.a(spi_flash_rom_patch.o)
                                          0xc (size before relaxing)
 .literal.esp_rom_spiflash_write_status
                0x0000000040080d48        0x4 /home/share/esp32/project/gpio/build/spi_flash/libspi_flash.a(spi_flash_rom_patch.o)
                                         0x14 (size before relaxing)
 .literal.esp_rom_spiflash_unlock
                0x0000000040080d4c        0x8 /home/share/esp32/project/gpio/build/spi_flash/libspi_flash.a(spi_flash_rom_patch.o)
                                         0x28 (size before relaxing)
 .literal.esp_rom_spiflash_erase_block
                0x0000000040080d54        0xc /home/share/esp32/project/gpio/build/spi_flash/libspi_flash.a(spi_flash_rom_patch.o)
                                         0x20 (size before relaxing)
 .literal.esp_rom_spiflash_erase_sector
                0x0000000040080d60        0x0 /home/share/esp32/project/gpio/build/spi_flash/libspi_flash.a(spi_flash_rom_patch.o)
                                         0x20 (size before relaxing)
 .literal.esp_rom_spiflash_write
                0x0000000040080d60        0x0 /home/share/esp32/project/gpio/build/spi_flash/libspi_flash.a(spi_flash_rom_patch.o)
                                         0x28 (size before relaxing)
 .literal.esp_rom_spiflash_write_encrypted
                0x0000000040080d60        0xc /home/share/esp32/project/gpio/build/spi_flash/libspi_flash.a(spi_flash_rom_patch.o)
                                         0x10 (size before relaxing)
 .literal.esp_rom_spiflash_read
                0x0000000040080d6c       0x30 /home/share/esp32/project/gpio/build/spi_flash/libspi_flash.a(spi_flash_rom_patch.o)
                                         0x5c (size before relaxing)
 .literal       0x0000000040080d9c       0x10 /home/share/esp32/esp-idf/components/newlib/lib/libm.a(lib_a-s_fpclassify.o)
                                         0x18 (size before relaxing)
 .iram1         0x0000000040080dac      0x195 /home/share/esp32/project/gpio/build/esp32/libesp32.a(system_api.o)
                                        0x1e4 (size before relaxing)
                0x0000000040080dac                esp_restart_noos
                0x0000000040080f20                esp_restart
                0x0000000040080f20                system_restart
 *fill*         0x0000000040080f41        0x3 
 .iram1         0x0000000040080f44      0x286 /home/share/esp32/project/gpio/build/esp32/libesp32.a(cpu_start.o)
                                        0x33e (size before relaxing)
                0x0000000040080f44                start_cpu0
                0x0000000040080f44                start_cpu0_default
                0x0000000040081010                start_cpu1_default
                0x0000000040081010                start_cpu1
                0x000000004008108c                call_start_cpu0
 *fill*         0x00000000400811ca        0x2 
 .iram1         0x00000000400811cc       0x47 /home/share/esp32/project/gpio/build/esp32/libesp32.a(clk.o)
                                         0x4b (size before relaxing)
                0x00000000400811cc                esp_clk_cpu_freq
                0x00000000400811dc                esp_clk_apb_freq
                0x00000000400811f4                esp_clk_xtal_freq
                0x0000000040081204                ets_update_cpu_frequency
 *fill*         0x0000000040081213        0x1 
 .iram1         0x0000000040081214       0xb0 /home/share/esp32/project/gpio/build/esp32/libesp32.a(crosscore_int.o)
                                         0xc0 (size before relaxing)
                0x00000000400812ac                esp_crosscore_int_send_yield
                0x00000000400812b8                esp_crosscore_int_send_freq_switch
 .iram1         0x00000000400812c4       0x2c /home/share/esp32/project/gpio/build/esp32/libesp32.a(cache_err_int.o)
                                         0x34 (size before relaxing)
                0x00000000400812c4                esp_cache_err_get_cpuid
 .iram1         0x00000000400812f0      0x2b6 /home/share/esp32/project/gpio/build/esp32/libesp32.a(intr_alloc.o)
                                        0x2ce (size before relaxing)
                0x000000004008132c                esp_intr_set_in_iram
                0x00000000400813b4                esp_intr_enable
                0x000000004008143c                esp_intr_disable
                0x0000000040081504                esp_intr_noniram_disable
                0x0000000040081550                esp_intr_noniram_enable
                0x0000000040081590                ets_isr_unmask
                0x000000004008159c                ets_isr_mask
 *fill*         0x00000000400815a6        0x2 
 .iram1         0x00000000400815a8      0x205 /home/share/esp32/project/gpio/build/esp32/libesp32.a(esp_timer.o)
                                        0x219 (size before relaxing)
                0x00000000400816c4                esp_timer_stop
                0x00000000400816e8                esp_timer_get_next_alarm
                0x0000000040081708                esp_timer_get_time
                0x0000000040081718                esp_timer_start_once
                0x000000004008175c                esp_timer_start_periodic
 *fill*         0x00000000400817ad        0x3 
 .iram1         0x00000000400817b0      0x1e3 /home/share/esp32/project/gpio/build/esp32/libesp32.a(dport_access.o)
                                        0x1ef (size before relaxing)
                0x00000000400817b0                esp_dport_access_stall_other_cpu_start
                0x0000000040081860                esp_dport_access_stall_other_cpu_end
                0x00000000400818dc                esp_dport_access_stall_other_cpu_start_wrap
                0x00000000400818e4                esp_dport_access_stall_other_cpu_end_wrap
                0x00000000400818ec                esp_dport_access_int_pause
                0x0000000040081910                esp_dport_access_int_abort
                0x0000000040081924                esp_dport_access_int_resume
                0x0000000040081948                esp_dport_access_reg_read
                0x0000000040081960                esp_dport_access_sequence_reg_read
                0x000000004008196c                esp_dport_access_read_buffer
 *fill*         0x0000000040081993        0x1 
 .iram1         0x0000000040081994       0xda /home/share/esp32/project/gpio/build/esp32/libesp32.a(dport_panic_highint_hdl.o)
                0x0000000040081994                xt_highint4
                0x0000000040081a6e                ld_include_panic_highint_hdl
 *fill*         0x0000000040081a6e        0x2 
 .iram1         0x0000000040081a70       0x53 /home/share/esp32/project/gpio/build/esp32/libesp32.a(int_wdt.o)
 *fill*         0x0000000040081ac3        0x1 
 .iram1         0x0000000040081ac4      0x4af /home/share/esp32/project/gpio/build/esp32/libesp32.a(esp_timer_esp32.o)
                                        0x4bb (size before relaxing)
                0x0000000040081be8                esp_timer_impl_get_time
                0x0000000040081d58                esp_timer_impl_set_alarm
                0x0000000040081ea0                esp_timer_impl_update_apb_freq
                0x0000000040081f68                esp_timer_impl_get_min_period_us
 *fill*         0x0000000040081f73        0x1 
 .iram1         0x0000000040081f74       0x27 /home/share/esp32/project/gpio/build/esp32/libesp32.a(freertos_hooks.o)
                0x0000000040081f74                esp_vApplicationTickHook
 *fill*         0x0000000040081f9b        0x1 
 .iram1         0x0000000040081f9c       0x7f /home/share/esp32/project/gpio/build/esp32/libesp32.a(ipc.o)
                                         0x8b (size before relaxing)
 *fill*         0x000000004008201b        0x1 
 .iram1         0x000000004008201c       0x1a /home/share/esp32/project/gpio/build/freertos/libfreertos.a(port.o)
                0x000000004008201c                xPortInterruptedFromISRContext
 *fill*         0x0000000040082036        0x2 
 .iram1         0x0000000040082038      0x4b4 /home/share/esp32/project/gpio/build/freertos/libfreertos.a(xtensa_vectors.o)
                0x0000000040082038                _xt_panic
                0x0000000040082150                _xt_user_exit
                0x000000004008243c                _xt_medint2_exit
                0x00000000400824d8                _xt_medint3_exit
 .iram1         0x00000000400824ec      0x3f1 /home/share/esp32/project/gpio/build/heap/libheap.a(heap_caps.o)
                                        0x40d (size before relaxing)
                0x000000004008257c                heap_caps_malloc
                0x000000004008261c                heap_caps_malloc_default
                0x0000000040082660                heap_caps_malloc_prefer
                0x00000000400826b8                heap_caps_free
                0x00000000400826f0                heap_caps_realloc
                0x000000004008279c                heap_caps_realloc_default
                0x00000000400827f4                heap_caps_realloc_prefer
                0x0000000040082858                heap_caps_calloc
                0x0000000040082888                heap_caps_calloc_prefer
 *fill*         0x00000000400828dd        0x3 
 .iram1         0x00000000400828e0      0x18a /home/share/esp32/project/gpio/build/log/liblog.a(log.o)
                                        0x19a (size before relaxing)
                0x00000000400828e0                esp_log_write
                0x0000000040082a10                esp_log_early_timestamp
                0x0000000040082a2c                esp_log_timestamp
 *fill*         0x0000000040082a6a        0x2 
 .iram1         0x0000000040082a6c       0x18 /home/share/esp32/project/gpio/build/main/libmain.a(gpio_example_main.o)
 .iram1         0x0000000040082a84       0x70 /home/share/esp32/project/gpio/build/newlib/libnewlib.a(time.o)
                                         0x74 (size before relaxing)
                0x0000000040082a84                _gettimeofday_r
                0x0000000040082acc                _times_r
 .iram1         0x0000000040082af4       0x3c /home/share/esp32/project/gpio/build/newlib/libnewlib.a(reent_init.o)
                0x0000000040082af4                esp_reent_init
 .iram1         0x0000000040082b30       0x5a /home/share/esp32/project/gpio/build/newlib/libnewlib.a(syscalls.o)
                                         0x62 (size before relaxing)
                0x0000000040082b30                _malloc_r
                0x0000000040082b3c                _free_r
                0x0000000040082b48                _realloc_r
                0x0000000040082b5c                _calloc_r
 *fill*         0x0000000040082b8a        0x2 
 .iram1         0x0000000040082b8c      0x1cc /home/share/esp32/project/gpio/build/newlib/libnewlib.a(locks.o)
                                        0x210 (size before relaxing)
                0x0000000040082ca4                _lock_init
                0x0000000040082cb4                _lock_init_recursive
                0x0000000040082cc4                _lock_close_recursive
                0x0000000040082cc4                _lock_close
                0x0000000040082d00                _lock_acquire
                0x0000000040082d10                _lock_acquire_recursive
                0x0000000040082d20                _lock_try_acquire
                0x0000000040082d30                _lock_try_acquire_recursive
                0x0000000040082d40                _lock_release
                0x0000000040082d4c                _lock_release_recursive
 .iram1         0x0000000040082d58      0x11a /home/share/esp32/project/gpio/build/soc/libsoc.a(cpu_util.o)
                0x0000000040082d58                esp_cpu_stall
                0x0000000040082dec                esp_cpu_unstall
                0x0000000040082e40                esp_cpu_reset
                0x0000000040082e64                esp_cpu_in_ocd_debug_mode
 *fill*         0x0000000040082e72        0x2 
 .iram1         0x0000000040082e74      0x2f4 /home/share/esp32/project/gpio/build/spi_flash/libspi_flash.a(cache_utils.o)
                                        0x340 (size before relaxing)
                0x0000000040082ed8                spi_flash_op_block_func
                0x0000000040082f84                spi_flash_disable_interrupts_caches_and_other_cpu
                0x0000000040083064                spi_flash_enable_interrupts_caches_and_other_cpu
                0x00000000400830fc                spi_flash_disable_interrupts_caches_and_other_cpu_no_os
                0x0000000040083128                spi_flash_enable_interrupts_caches_no_os
                0x0000000040083144                spi_flash_cache_enabled
 .iram1         0x0000000040083168      0x722 /home/share/esp32/project/gpio/build/spi_flash/libspi_flash.a(flash_ops.o)
                                        0x74a (size before relaxing)
                0x00000000400831d8                spi_flash_guard_set
                0x00000000400831e4                spi_flash_guard_get
                0x00000000400831f0                spi_flash_get_chip_size
                0x00000000400831fc                spi_flash_erase_range
                0x00000000400832b4                spi_flash_erase_sector
                0x00000000400832d8                spi_flash_write
                0x00000000400834a0                spi_flash_read
                0x0000000040083738                spi_flash_read_encrypted
                0x0000000040083780                spi_flash_write_encrypted
 *fill*         0x000000004008388a        0x2 
 .iram1         0x000000004008388c      0x5c3 /home/share/esp32/project/gpio/build/spi_flash/libspi_flash.a(flash_mmap.o)
                                        0x60f (size before relaxing)
                0x00000000400839e0                spi_flash_mmap_pages
                0x0000000040083c24                spi_flash_mmap
                0x0000000040083c98                spi_flash_munmap
                0x0000000040083d3c                spi_flash_mmap_get_free_pages
                0x0000000040083d90                spi_flash_mark_modified_region
                0x0000000040083ddc                spi_flash_phys2cache
 *fill*         0x0000000040083e4f        0x1 
 .iram1         0x0000000040083e50       0x92 /home/share/esp32/project/gpio/build/driver/libdriver.a(gpio.o)
                0x0000000040083e50                gpio_intr_service
 *fill*         0x0000000040083ee2        0x0 
 *fill*         0x0000000040083ee2        0x0 
 *fill*         0x0000000040083ee2        0x0 
 *fill*         0x0000000040083ee2        0x0 
 *fill*         0x0000000040083ee2        0x0 
 *fill*         0x0000000040083ee2        0x2 
 .iram1         0x0000000040083ee4       0x20 /home/share/esp32/project/gpio/build/esp32/libesp32.a(dbg_stubs.o)
 *fill*         0x0000000040083f04        0x0 
 *fill*         0x0000000040083f04        0x0 
 *fill*         0x0000000040083f04        0x0 
 *fill*         0x0000000040083f04        0x0 
 *fill*         0x0000000040083f04        0x0 
 .iram1         0x0000000040083f04       0x2e /home/share/esp32/project/gpio/build/freertos/libfreertos.a(xtensa_vector_defaults.o)
                0x0000000040083f04                xt_debugexception
                0x0000000040083f24                xt_highint5
                0x0000000040083f2c                _xt_nmi
                0x0000000040083f2c                xt_nmi
 *fill*         0x0000000040083f32        0x0 
 *fill*         0x0000000040083f32        0x0 
 *fill*         0x0000000040083f32        0x0 
 *fill*         0x0000000040083f32        0x0 
 *fill*         0x0000000040083f32        0x0 
 *fill*         0x0000000040083f32        0x0 
 *fill*         0x0000000040083f32        0x0 
 *libesp_ringbuf.a:(.literal .text .literal.* .text.*)
 *fill*         0x0000000040083f32        0x2 
 .text.prvGetFreeSize
                0x0000000040083f34       0x3c /home/share/esp32/project/gpio/build/esp_ringbuf/libesp_ringbuf.a(ringbuf.o)
                                         0x40 (size before relaxing)
 .text.prvReceiveGeneric
                0x0000000040083f70      0x128 /home/share/esp32/project/gpio/build/esp_ringbuf/libesp_ringbuf.a(ringbuf.o)
                                        0x13c (size before relaxing)
 .text.xRingbufferSend
                0x0000000040084098       0xfd /home/share/esp32/project/gpio/build/esp_ringbuf/libesp_ringbuf.a(ringbuf.o)
                                        0x111 (size before relaxing)
                0x0000000040084098                xRingbufferSend
 *fill*         0x0000000040084195        0x3 
 .text.xRingbufferReceive
                0x0000000040084198       0x45 /home/share/esp32/project/gpio/build/esp_ringbuf/libesp_ringbuf.a(ringbuf.o)
                0x0000000040084198                xRingbufferReceive
 *fill*         0x00000000400841dd        0x3 
 .text.vRingbufferReturnItem
                0x00000000400841e0       0x5a /home/share/esp32/project/gpio/build/esp_ringbuf/libesp_ringbuf.a(ringbuf.o)
                                         0x66 (size before relaxing)
                0x00000000400841e0                vRingbufferReturnItem
 *fill*         0x000000004008423a        0x2 
 .text.prvCheckItemAvail
                0x000000004008423c       0x34 /home/share/esp32/project/gpio/build/esp_ringbuf/libesp_ringbuf.a(ringbuf.o)
 *fill*         0x0000000040084270        0x0 
 *fill*         0x0000000040084270        0x0 
 *libfreertos.a:(.literal .text .literal.* .text.*)
 .text.xt_unhandled_interrupt
                0x0000000040084270       0x16 /home/share/esp32/project/gpio/build/freertos/libfreertos.a(xtensa_intr.o)
                0x0000000040084270                xt_unhandled_interrupt
 *fill*         0x0000000040084286        0x2 
 .text.xt_set_interrupt_handler
                0x0000000040084288       0x46 /home/share/esp32/project/gpio/build/freertos/libfreertos.a(xtensa_intr.o)
                0x0000000040084288                xt_set_interrupt_handler
 *fill*         0x00000000400842ce        0x2 
 .text.prvIsQueueFull
                0x00000000400842d0       0x2a /home/share/esp32/project/gpio/build/freertos/libfreertos.a(queue.o)
 *fill*         0x00000000400842fa        0x2 
 .text.prvCopyDataToQueue
                0x00000000400842fc       0x9e /home/share/esp32/project/gpio/build/freertos/libfreertos.a(queue.o)
 *fill*         0x000000004008439a        0x2 
 .text.prvNotifyQueueSetContainer
                0x000000004008439c       0x77 /home/share/esp32/project/gpio/build/freertos/libfreertos.a(queue.o)
                                         0x8a (size before relaxing)
 *fill*         0x0000000040084413        0x1 
 .text.prvCopyDataFromQueue
                0x0000000040084414       0x24 /home/share/esp32/project/gpio/build/freertos/libfreertos.a(queue.o)
 .text.xQueueGenericReset
                0x0000000040084438       0x86 /home/share/esp32/project/gpio/build/freertos/libfreertos.a(queue.o)
                                         0x96 (size before relaxing)
                0x0000000040084438                xQueueGenericReset
 *fill*         0x00000000400844be        0x2 
 .text.prvInitialiseNewQueue
                0x00000000400844c0       0x1f /home/share/esp32/project/gpio/build/freertos/libfreertos.a(queue.o)
                                         0x23 (size before relaxing)
 *fill*         0x00000000400844df        0x1 
 .text.xQueueGenericCreate
                0x00000000400844e0       0x49 /home/share/esp32/project/gpio/build/freertos/libfreertos.a(queue.o)
                                         0x4d (size before relaxing)
                0x00000000400844e0                xQueueGenericCreate
 *fill*         0x0000000040084529        0x3 
 .text.xQueueGetMutexHolder
                0x000000004008452c       0x23 /home/share/esp32/project/gpio/build/freertos/libfreertos.a(queue.o)
                0x000000004008452c                xQueueGetMutexHolder
 *fill*         0x000000004008454f        0x1 
 .text.xQueueCreateCountingSemaphore
                0x0000000040084550       0x66 /home/share/esp32/project/gpio/build/freertos/libfreertos.a(queue.o)
                                         0x6a (size before relaxing)
                0x0000000040084550                xQueueCreateCountingSemaphore
 *fill*         0x00000000400845b6        0x2 
 .text.xQueueGenericSend
                0x00000000400845b8      0x158 /home/share/esp32/project/gpio/build/freertos/libfreertos.a(queue.o)
                                        0x18c (size before relaxing)
                0x00000000400845b8                xQueueGenericSend
 .text.prvInitialiseMutex
                0x0000000040084710       0x22 /home/share/esp32/project/gpio/build/freertos/libfreertos.a(queue.o)
                                         0x26 (size before relaxing)
 *fill*         0x0000000040084732        0x2 
 .text.xQueueCreateMutex
                0x0000000040084734       0x16 /home/share/esp32/project/gpio/build/freertos/libfreertos.a(queue.o)
                                         0x1a (size before relaxing)
                0x0000000040084734                xQueueCreateMutex
 *fill*         0x000000004008474a        0x2 
 .text.xQueueGiveMutexRecursive
                0x000000004008474c       0x48 /home/share/esp32/project/gpio/build/freertos/libfreertos.a(queue.o)
                                         0x4c (size before relaxing)
                0x000000004008474c                xQueueGiveMutexRecursive
 .text.xQueueGenericSendFromISR
                0x0000000040084794       0xd6 /home/share/esp32/project/gpio/build/freertos/libfreertos.a(queue.o)
                                         0xe6 (size before relaxing)
                0x0000000040084794                xQueueGenericSendFromISR
 *fill*         0x000000004008486a        0x2 
 .text.xQueueGiveFromISR
                0x000000004008486c       0xb6 /home/share/esp32/project/gpio/build/freertos/libfreertos.a(queue.o)
                                         0xc2 (size before relaxing)
                0x000000004008486c                xQueueGiveFromISR
 *fill*         0x0000000040084922        0x2 
 .text.xQueueGenericReceive
                0x0000000040084924      0x144 /home/share/esp32/project/gpio/build/freertos/libfreertos.a(queue.o)
                                        0x178 (size before relaxing)
                0x0000000040084924                xQueueGenericReceive
 .text.xQueueTakeMutexRecursive
                0x0000000040084a68       0x51 /home/share/esp32/project/gpio/build/freertos/libfreertos.a(queue.o)
                0x0000000040084a68                xQueueTakeMutexRecursive
 *fill*         0x0000000040084ab9        0x3 
 .text.xQueueReceiveFromISR
                0x0000000040084abc       0x96 /home/share/esp32/project/gpio/build/freertos/libfreertos.a(queue.o)
                                         0xa6 (size before relaxing)
                0x0000000040084abc                xQueueReceiveFromISR
 *fill*         0x0000000040084b52        0x2 
 .text.vQueueDelete
                0x0000000040084b54       0x28 /home/share/esp32/project/gpio/build/freertos/libfreertos.a(queue.o)
                0x0000000040084b54                vQueueDelete
 .text.vQueueWaitForMessageRestricted
                0x0000000040084b7c       0x23 /home/share/esp32/project/gpio/build/freertos/libfreertos.a(queue.o)
                                         0x2a (size before relaxing)
                0x0000000040084b7c                vQueueWaitForMessageRestricted
 *fill*         0x0000000040084b9f        0x1 
 .text._xt_tick_divisor_init
                0x0000000040084ba0       0x1c /home/share/esp32/project/gpio/build/freertos/libfreertos.a(xtensa_init.o)
                                         0x1f (size before relaxing)
                0x0000000040084ba0                _xt_tick_divisor_init
 *fill*         0x0000000040084bbc        0x0 
 .text.vPortTaskWrapper
                0x0000000040084bbc       0x26 /home/share/esp32/project/gpio/build/freertos/libfreertos.a(port.o)
                                         0x32 (size before relaxing)
 *fill*         0x0000000040084be2        0x2 
 .text.pxPortInitialiseStack
                0x0000000040084be4       0x8a /home/share/esp32/project/gpio/build/freertos/libfreertos.a(port.o)
                0x0000000040084be4                pxPortInitialiseStack
 *fill*         0x0000000040084c6e        0x2 
 .text.xPortStartScheduler
                0x0000000040084c70       0x22 /home/share/esp32/project/gpio/build/freertos/libfreertos.a(port.o)
                                         0x2e (size before relaxing)
                0x0000000040084c70                xPortStartScheduler
 *fill*         0x0000000040084c92        0x2 
 .text.xPortSysTickHandler
                0x0000000040084c94       0x10 /home/share/esp32/project/gpio/build/freertos/libfreertos.a(port.o)
                                         0x16 (size before relaxing)
                0x0000000040084c94                xPortSysTickHandler
 *fill*         0x0000000040084ca4        0x0 
 .text.vPortYieldOtherCore
                0x0000000040084ca4        0xa /home/share/esp32/project/gpio/build/freertos/libfreertos.a(port.o)
                                          0xe (size before relaxing)
                0x0000000040084ca4                vPortYieldOtherCore
 *fill*         0x0000000040084cae        0x2 
 .text.vPortReleaseTaskMPUSettings
                0x0000000040084cb0        0xa /home/share/esp32/project/gpio/build/freertos/libfreertos.a(port.o)
                                          0xe (size before relaxing)
                0x0000000040084cb0                vPortReleaseTaskMPUSettings
 *fill*         0x0000000040084cba        0x2 
 .text.xPortInIsrContext
                0x0000000040084cbc       0x26 /home/share/esp32/project/gpio/build/freertos/libfreertos.a(port.o)
                0x0000000040084cbc                xPortInIsrContext
 *fill*         0x0000000040084ce2        0x2 
 .text.vPortCPUInitializeMutex
                0x0000000040084ce4        0xe /home/share/esp32/project/gpio/build/freertos/libfreertos.a(port.o)
                0x0000000040084ce4                vPortCPUInitializeMutex
 *fill*         0x0000000040084cf2        0x2 
 .text.vPortCPUAcquireMutex
                0x0000000040084cf4       0x81 /home/share/esp32/project/gpio/build/freertos/libfreertos.a(port.o)
                                         0x88 (size before relaxing)
                0x0000000040084cf4                vPortCPUAcquireMutex
 *fill*         0x0000000040084d75        0x3 
 .text.vPortCPUReleaseMutex
                0x0000000040084d78       0x4d /home/share/esp32/project/gpio/build/freertos/libfreertos.a(port.o)
                                         0x50 (size before relaxing)
                0x0000000040084d78                vPortCPUReleaseMutex
 *fill*         0x0000000040084dc5        0x3 
 .text.prvResetNextTaskUnblockTime
                0x0000000040084dc8       0x34 /home/share/esp32/project/gpio/build/freertos/libfreertos.a(tasks.o)
 .text.prvDeleteTLS
                0x0000000040084dfc       0x40 /home/share/esp32/project/gpio/build/freertos/libfreertos.a(tasks.o)
 .text.prvInitialiseNewTask
                0x0000000040084e3c       0xc4 /home/share/esp32/project/gpio/build/freertos/libfreertos.a(tasks.o)
                                         0xd0 (size before relaxing)
 .text.prvInitialiseTaskLists
                0x0000000040084f00       0x5a /home/share/esp32/project/gpio/build/freertos/libfreertos.a(tasks.o)
                                         0x6e (size before relaxing)
 *fill*         0x0000000040084f5a        0x2 
 .text.prvDeleteTCB
                0x0000000040084f5c       0x56 /home/share/esp32/project/gpio/build/freertos/libfreertos.a(tasks.o)
                                         0x5d (size before relaxing)
 *fill*         0x0000000040084fb2        0x2 
 .text.prvAddCurrentTaskToDelayedList
                0x0000000040084fb4       0x66 /home/share/esp32/project/gpio/build/freertos/libfreertos.a(tasks.o)
                                         0x6a (size before relaxing)
 *fill*         0x000000004008501a        0x2 
 .text.taskYIELD_OTHER_CORE
                0x000000004008501c       0x53 /home/share/esp32/project/gpio/build/freertos/libfreertos.a(tasks.o)
                0x000000004008501c                taskYIELD_OTHER_CORE
 *fill*         0x000000004008506f        0x1 
 .text.vTaskSuspendAll
                0x0000000040085070       0x26 /home/share/esp32/project/gpio/build/freertos/libfreertos.a(tasks.o)
                0x0000000040085070                vTaskSuspendAll
 *fill*         0x0000000040085096        0x2 
 .text.xTaskGetTickCount
                0x0000000040085098        0xd /home/share/esp32/project/gpio/build/freertos/libfreertos.a(tasks.o)
                0x0000000040085098                xTaskGetTickCount
 *fill*         0x00000000400850a5        0x3 
 .text.xTaskGetIdleTaskHandleForCPU
                0x00000000400850a8       0x2a /home/share/esp32/project/gpio/build/freertos/libfreertos.a(tasks.o)
                                         0x2e (size before relaxing)
                0x00000000400850a8                xTaskGetIdleTaskHandleForCPU
 *fill*         0x00000000400850d2        0x2 
 .text.vTaskSwitchContext
                0x00000000400850d4      0x27e /home/share/esp32/project/gpio/build/freertos/libfreertos.a(tasks.o)
                                        0x28a (size before relaxing)
                0x00000000400850d4                vTaskSwitchContext
 *fill*         0x0000000040085352        0x2 
 .text.vTaskSetTimeOutState
                0x0000000040085354       0x34 /home/share/esp32/project/gpio/build/freertos/libfreertos.a(tasks.o)
                0x0000000040085354                vTaskSetTimeOutState
 .text.xTaskGetCurrentTaskHandle
                0x0000000040085388       0x1f /home/share/esp32/project/gpio/build/freertos/libfreertos.a(tasks.o)
                0x0000000040085388                xTaskGetCurrentTaskHandle
 *fill*         0x00000000400853a7        0x1 
 .text.__getreent
                0x00000000400853a8       0x19 /home/share/esp32/project/gpio/build/freertos/libfreertos.a(tasks.o)
                0x00000000400853a8                __getreent
 *fill*         0x00000000400853c1        0x3 
 .text.pcTaskGetTaskName
                0x00000000400853c4       0x2a /home/share/esp32/project/gpio/build/freertos/libfreertos.a(tasks.o)
                                         0x2d (size before relaxing)
                0x00000000400853c4                pcTaskGetTaskName
 *fill*         0x00000000400853ee        0x2 
 .text.xTaskGetAffinity
                0x00000000400853f0       0x10 /home/share/esp32/project/gpio/build/freertos/libfreertos.a(tasks.o)
                                         0x13 (size before relaxing)
                0x00000000400853f0                xTaskGetAffinity
 *fill*         0x0000000040085400        0x0 
 .text.xTaskGetCurrentTaskHandleForCPU
                0x0000000040085400       0x17 /home/share/esp32/project/gpio/build/freertos/libfreertos.a(tasks.o)
                0x0000000040085400                xTaskGetCurrentTaskHandleForCPU
 *fill*         0x0000000040085417        0x1 
 .text.xTaskGetSchedulerState
                0x0000000040085418       0x37 /home/share/esp32/project/gpio/build/freertos/libfreertos.a(tasks.o)
                0x0000000040085418                xTaskGetSchedulerState
 *fill*         0x000000004008544f        0x1 
 .text.vTaskEnterCritical
                0x0000000040085450       0xac /home/share/esp32/project/gpio/build/freertos/libfreertos.a(tasks.o)
                                         0xb3 (size before relaxing)
                0x0000000040085450                vTaskEnterCritical
 *fill*         0x00000000400854fc        0x0 
 .text.vTaskExitCritical
                0x00000000400854fc       0x77 /home/share/esp32/project/gpio/build/freertos/libfreertos.a(tasks.o)
                0x00000000400854fc                vTaskExitCritical
 *fill*         0x0000000040085573        0x1 
 .text.prvAddNewTaskToReadyList
                0x0000000040085574      0x160 /home/share/esp32/project/gpio/build/freertos/libfreertos.a(tasks.o)
                                        0x173 (size before relaxing)
 *fill*         0x00000000400856d4        0x0 
 .text.xTaskCreatePinnedToCore
                0x00000000400856d4       0x6e /home/share/esp32/project/gpio/build/freertos/libfreertos.a(tasks.o)
                                         0x76 (size before relaxing)
                0x00000000400856d4                xTaskCreatePinnedToCore
 *fill*         0x0000000040085742        0x2 
 .text.vTaskStartScheduler
                0x0000000040085744       0x77 /home/share/esp32/project/gpio/build/freertos/libfreertos.a(tasks.o)
                                         0x82 (size before relaxing)
                0x0000000040085744                vTaskStartScheduler
 *fill*         0x00000000400857bb        0x1 
 .text.vTaskDelete
                0x00000000400857bc      0x10a /home/share/esp32/project/gpio/build/freertos/libfreertos.a(tasks.o)
                                        0x122 (size before relaxing)
                0x00000000400857bc                vTaskDelete
 *fill*         0x00000000400858c6        0x2 
 .text.vTaskDelay
                0x00000000400858c8       0x70 /home/share/esp32/project/gpio/build/freertos/libfreertos.a(tasks.o)
                                         0x80 (size before relaxing)
                0x00000000400858c8                vTaskDelay
 .text.uxTaskPriorityGet
                0x0000000040085938       0x1c /home/share/esp32/project/gpio/build/freertos/libfreertos.a(tasks.o)
                                         0x23 (size before relaxing)
                0x0000000040085938                uxTaskPriorityGet
 *fill*         0x0000000040085954        0x0 
 .text.vTaskPrioritySet
                0x0000000040085954      0x12d /home/share/esp32/project/gpio/build/freertos/libfreertos.a(tasks.o)
                                        0x143 (size before relaxing)
                0x0000000040085954                vTaskPrioritySet
 *fill*         0x0000000040085a81        0x3 
 .text.prvCheckTasksWaitingTermination
                0x0000000040085a84       0xbe /home/share/esp32/project/gpio/build/freertos/libfreertos.a(tasks.o)
                                         0xc6 (size before relaxing)
 *fill*         0x0000000040085b42        0x2 
 .text.prvIdleTask
                0x0000000040085b44        0xc /home/share/esp32/project/gpio/build/freertos/libfreertos.a(tasks.o)
                                         0x12 (size before relaxing)
 *fill*         0x0000000040085b50        0x0 
 .text.xTaskIncrementTick
                0x0000000040085b50      0x1a6 /home/share/esp32/project/gpio/build/freertos/libfreertos.a(tasks.o)
                                        0x1ba (size before relaxing)
                0x0000000040085b50                xTaskIncrementTick
 *fill*         0x0000000040085cf6        0x2 
 .text.xTaskResumeAll
                0x0000000040085cf8      0x177 /home/share/esp32/project/gpio/build/freertos/libfreertos.a(tasks.o)
                                        0x186 (size before relaxing)
                0x0000000040085cf8                xTaskResumeAll
 *fill*         0x0000000040085e6f        0x1 
 .text.vTaskPlaceOnEventList
                0x0000000040085e70       0x83 /home/share/esp32/project/gpio/build/freertos/libfreertos.a(tasks.o)
                                         0x97 (size before relaxing)
                0x0000000040085e70                vTaskPlaceOnEventList
 *fill*         0x0000000040085ef3        0x1 
 .text.vTaskPlaceOnEventListRestricted
                0x0000000040085ef4       0x5b /home/share/esp32/project/gpio/build/freertos/libfreertos.a(tasks.o)
                                         0x6f (size before relaxing)
                0x0000000040085ef4                vTaskPlaceOnEventListRestricted
 *fill*         0x0000000040085f4f        0x1 
 .text.xTaskRemoveFromEventList
                0x0000000040085f50      0x134 /home/share/esp32/project/gpio/build/freertos/libfreertos.a(tasks.o)
                                        0x143 (size before relaxing)
                0x0000000040085f50                xTaskRemoveFromEventList
 *fill*         0x0000000040086084        0x0 
 .text.xTaskCheckForTimeOut
                0x0000000040086084       0x89 /home/share/esp32/project/gpio/build/freertos/libfreertos.a(tasks.o)
                                         0x94 (size before relaxing)
                0x0000000040086084                xTaskCheckForTimeOut
 *fill*         0x000000004008610d        0x3 
 .text.vTaskPriorityInherit
                0x0000000040086110       0xc4 /home/share/esp32/project/gpio/build/freertos/libfreertos.a(tasks.o)
                                         0xdb (size before relaxing)
                0x0000000040086110                vTaskPriorityInherit
 *fill*         0x00000000400861d4        0x0 
 .text.xTaskPriorityDisinherit
                0x00000000400861d4       0x97 /home/share/esp32/project/gpio/build/freertos/libfreertos.a(tasks.o)
                                         0xaa (size before relaxing)
                0x00000000400861d4                xTaskPriorityDisinherit
 *fill*         0x000000004008626b        0x1 
 .text.pvTaskIncrementMutexHeldCount
                0x000000004008626c       0x50 /home/share/esp32/project/gpio/build/freertos/libfreertos.a(tasks.o)
                                         0x54 (size before relaxing)
                0x000000004008626c                pvTaskIncrementMutexHeldCount
 .text.prvGetNextExpireTime
                0x00000000400862bc       0x20 /home/share/esp32/project/gpio/build/freertos/libfreertos.a(timers.o)
 .text.prvInsertTimerInActiveList
                0x00000000400862dc       0x50 /home/share/esp32/project/gpio/build/freertos/libfreertos.a(timers.o)
                                         0x54 (size before relaxing)
 .text.prvCheckForValidListAndQueue
                0x000000004008632c       0x66 /home/share/esp32/project/gpio/build/freertos/libfreertos.a(timers.o)
                                         0x7e (size before relaxing)
 *fill*         0x0000000040086392        0x2 
 .text.xTimerCreateTimerTask
                0x0000000040086394       0x48 /home/share/esp32/project/gpio/build/freertos/libfreertos.a(timers.o)
                                         0x4c (size before relaxing)
                0x0000000040086394                xTimerCreateTimerTask
 .text.xTimerGenericCommand
                0x00000000400863dc       0x55 /home/share/esp32/project/gpio/build/freertos/libfreertos.a(timers.o)
                                         0x5d (size before relaxing)
                0x00000000400863dc                xTimerGenericCommand
 *fill*         0x0000000040086431        0x3 
 .text.prvSwitchTimerLists
                0x0000000040086434       0x76 /home/share/esp32/project/gpio/build/freertos/libfreertos.a(timers.o)
                                         0x82 (size before relaxing)
 *fill*         0x00000000400864aa        0x2 
 .text.prvSampleTimeNow
                0x00000000400864ac       0x2b /home/share/esp32/project/gpio/build/freertos/libfreertos.a(timers.o)
                                         0x2f (size before relaxing)
 *fill*         0x00000000400864d7        0x1 
 .text.prvProcessExpiredTimer
                0x00000000400864d8       0x53 /home/share/esp32/project/gpio/build/freertos/libfreertos.a(timers.o)
                                         0x5f (size before relaxing)
 *fill*         0x000000004008652b        0x1 
 .text.prvProcessTimerOrBlockTask
                0x000000004008652c       0x58 /home/share/esp32/project/gpio/build/freertos/libfreertos.a(timers.o)
                                         0x6c (size before relaxing)
 .text.prvProcessReceivedCommands
                0x0000000040086584       0xd6 /home/share/esp32/project/gpio/build/freertos/libfreertos.a(timers.o)
                                         0xe6 (size before relaxing)
 *fill*         0x000000004008665a        0x2 
 .text.prvTimerTask
                0x000000004008665c       0x15 /home/share/esp32/project/gpio/build/freertos/libfreertos.a(timers.o)
                                         0x1d (size before relaxing)
 *fill*         0x0000000040086671        0x3 
 .text          0x0000000040086674      0x12b /home/share/esp32/project/gpio/build/freertos/libfreertos.a(xtensa_context.o)
                0x0000000040086674                _xt_context_save
                0x00000000400866dc                _xt_context_restore
                0x0000000040086720                _xt_coproc_init
                0x0000000040086734                _xt_coproc_release
                0x0000000040086760                _xt_coproc_savecs
                0x0000000040086780                _xt_coproc_restorecs
 *fill*         0x000000004008679f        0x1 
 .text          0x00000000400867a0      0x1d0 /home/share/esp32/project/gpio/build/freertos/libfreertos.a(portasm.o)
                0x00000000400867a0                _frxt_setup_switch
                0x00000000400867b8                _frxt_int_enter
                0x0000000040086800                _frxt_int_exit
                0x0000000040086850                _frxt_timer_int
                0x0000000040086878                _frxt_tick_timer_init
                0x0000000040086890                _frxt_dispatch
                0x00000000400868d8                vPortYield
                0x0000000040086924                vPortYieldFromInt
                0x0000000040086944                _frxt_task_coproc_state
 *fill*         0x0000000040086970        0x0 
 *fill*         0x0000000040086970        0x0 
 *fill*         0x0000000040086970        0x0 
 .text.prvIsQueueEmpty
                0x0000000040086970       0x12 /home/share/esp32/project/gpio/build/freertos/libfreertos.a(queue.o)
 *fill*         0x0000000040086982        0x0 
 *fill*         0x0000000040086982        0x0 
 *fill*         0x0000000040086982        0x0 
 *fill*         0x0000000040086982        0x0 
 *fill*         0x0000000040086982        0x0 
 *fill*         0x0000000040086982        0x0 
 *fill*         0x0000000040086982        0x0 
 *fill*         0x0000000040086982        0x0 